Component: ARM Compiler 5.06 update 6 (build 750) Tool: armlink [4d35ed]

==============================================================================

Section Cross References

    startup_stm32f10x_md.o(RESET) refers to startup_stm32f10x_md.o(STACK) for __initial_sp
    startup_stm32f10x_md.o(RESET) refers to startup_stm32f10x_md.o(.text) for Reset_Handler
    startup_stm32f10x_md.o(RESET) refers to stm32f10x_it.o(.text) for NMI_Handler
    startup_stm32f10x_md.o(RESET) refers to ymodem.o(.text) for TIM3_IRQHandler
    startup_stm32f10x_md.o(.text) refers to system_stm32f10x.o(.text) for SystemInit
    startup_stm32f10x_md.o(.text) refers to entry.o(.ARM.Collect$$$$00000000) for __main
    system_stm32f10x.o(.text) refers to system_stm32f10x.o(.data) for SystemCoreClock
    stm32f10x_adc.o(.text) refers to stm32f10x_rcc.o(.text) for RCC_APB2PeriphResetCmd
    stm32f10x_bkp.o(.text) refers to stm32f10x_rcc.o(.text) for RCC_BackupResetCmd
    stm32f10x_can.o(.text) refers to stm32f10x_rcc.o(.text) for RCC_APB1PeriphResetCmd
    stm32f10x_cec.o(.text) refers to stm32f10x_rcc.o(.text) for RCC_APB1PeriphResetCmd
    stm32f10x_dac.o(.text) refers to stm32f10x_rcc.o(.text) for RCC_APB1PeriphResetCmd
    stm32f10x_gpio.o(.text) refers to stm32f10x_rcc.o(.text) for RCC_APB2PeriphResetCmd
    stm32f10x_i2c.o(.text) refers to stm32f10x_rcc.o(.text) for RCC_APB1PeriphResetCmd
    stm32f10x_pwr.o(.text) refers to stm32f10x_rcc.o(.text) for RCC_APB1PeriphResetCmd
    stm32f10x_rcc.o(.text) refers to stm32f10x_rcc.o(.data) for APBAHBPrescTable
    stm32f10x_spi.o(.text) refers to stm32f10x_rcc.o(.text) for RCC_APB2PeriphResetCmd
    stm32f10x_tim.o(.text) refers to stm32f10x_rcc.o(.text) for RCC_APB2PeriphResetCmd
    stm32f10x_usart.o(.text) refers to stm32f10x_rcc.o(.text) for RCC_APB2PeriphResetCmd
    stm32f10x_wwdg.o(.text) refers to stm32f10x_rcc.o(.text) for RCC_APB1PeriphResetCmd
    main.o(.text) refers to systick.o(.text) for SysTick_Delay_Ms
    main.o(.text) refers to bootloader.o(.text) for iap_load_app
    main.o(.text) refers to bsp_led.o(.text) for LED_GPIO_Config
    main.o(.text) refers to ymodem.o(.text) for ymodem_init
    main.o(.text) refers to bsp_key.o(.text) for Key_GPIO_Config
    main.o(.text) refers to stm32f10x_gpio.o(.text) for GPIO_ResetBits
    systick.o(.text) refers to system_stm32f10x.o(.data) for SystemCoreClock
    systick.o(.text) refers to systick.o(.data) for TimingDelay
    bsp_led.o(.text) refers to stm32f10x_rcc.o(.text) for RCC_APB2PeriphClockCmd
    bsp_led.o(.text) refers to stm32f10x_gpio.o(.text) for GPIO_Init
    bsp_usart.o(.text) refers to misc.o(.text) for NVIC_PriorityGroupConfig
    bsp_usart.o(.text) refers to stm32f10x_rcc.o(.text) for RCC_APB2PeriphClockCmd
    bsp_usart.o(.text) refers to stm32f10x_gpio.o(.text) for GPIO_Init
    bsp_usart.o(.text) refers to stm32f10x_usart.o(.text) for USART_Init
    ymodem.o(.text) refers to bsp_usart.o(.text) for Usart_Send_Data
    ymodem.o(.text) refers to bootloader.o(.text) for mcu_flash_erase
    ymodem.o(.text) refers to stm32f10x_gpio.o(.text) for GPIO_ResetBits
    ymodem.o(.text) refers to systick.o(.text) for SysTick_Delay_Ms
    ymodem.o(.text) refers to stm32f10x_rcc.o(.text) for RCC_APB1PeriphClockCmd
    ymodem.o(.text) refers to stm32f10x_tim.o(.text) for TIM_TimeBaseInit
    ymodem.o(.text) refers to misc.o(.text) for NVIC_Init
    ymodem.o(.text) refers to stm32f10x_usart.o(.text) for USART_GetITStatus
    ymodem.o(.text) refers to ymodem.o(.data) for ymodem_status
    ymodem.o(.text) refers to ymodem.o(.bss) for rx_queue
    bootloader.o(.text) refers to core_cm3.o(.emb_text) for __set_MSP
    bootloader.o(.text) refers to stm32f10x_flash.o(.text) for FLASH_Unlock
    bootloader.o(.text) refers to memcpya.o(.text) for __aeabi_memcpy
    bootloader.o(.text) refers to bootloader.o(.data) for jump2app
    bsp_key.o(.text) refers to stm32f10x_rcc.o(.text) for RCC_APB2PeriphClockCmd
    bsp_key.o(.text) refers to stm32f10x_gpio.o(.text) for GPIO_Init
    entry.o(.ARM.Collect$$$$00000000) refers (Special) to entry10a.o(.ARM.Collect$$$$0000000D) for __rt_final_cpp
    entry.o(.ARM.Collect$$$$00000000) refers (Special) to entry11a.o(.ARM.Collect$$$$0000000F) for __rt_final_exit
    entry.o(.ARM.Collect$$$$00000000) refers (Special) to entry7b.o(.ARM.Collect$$$$00000008) for _main_clock
    entry.o(.ARM.Collect$$$$00000000) refers (Special) to entry8b.o(.ARM.Collect$$$$0000000A) for _main_cpp_init
    entry.o(.ARM.Collect$$$$00000000) refers (Special) to entry9a.o(.ARM.Collect$$$$0000000B) for _main_init
    entry.o(.ARM.Collect$$$$00000000) refers (Special) to entry5.o(.ARM.Collect$$$$00000004) for _main_scatterload
    entry.o(.ARM.Collect$$$$00000000) refers (Special) to entry2.o(.ARM.Collect$$$$00000001) for _main_stk
    entry2.o(.ARM.Collect$$$$00000001) refers to entry2.o(.ARM.Collect$$$$00002712) for __lit__00000000
    entry2.o(.ARM.Collect$$$$00002712) refers to startup_stm32f10x_md.o(STACK) for __initial_sp
    entry2.o(__vectab_stack_and_reset_area) refers to startup_stm32f10x_md.o(STACK) for __initial_sp
    entry2.o(__vectab_stack_and_reset_area) refers to entry.o(.ARM.Collect$$$$00000000) for __main
    entry5.o(.ARM.Collect$$$$00000004) refers to init.o(.text) for __scatterload
    entry9a.o(.ARM.Collect$$$$0000000B) refers to main.o(.text) for main
    entry9b.o(.ARM.Collect$$$$0000000C) refers to main.o(.text) for main
    init.o(.text) refers to entry5.o(.ARM.Collect$$$$00000004) for __main_after_scatterload


==============================================================================

Removing Unused input sections from the image.

    Removing startup_stm32f10x_md.o(HEAP), (512 bytes).
    Removing stm32f10x_adc.o(.text), (1102 bytes).
    Removing stm32f10x_bkp.o(.text), (196 bytes).
    Removing stm32f10x_can.o(.text), (2544 bytes).
    Removing stm32f10x_cec.o(.text), (288 bytes).
    Removing stm32f10x_crc.o(.text), (72 bytes).
    Removing stm32f10x_dac.o(.text), (396 bytes).
    Removing stm32f10x_dbgmcu.o(.text), (48 bytes).
    Removing stm32f10x_dma.o(.text), (596 bytes).
    Removing stm32f10x_exti.o(.text), (284 bytes).
    Removing stm32f10x_fsmc.o(.text), (1548 bytes).
    Removing stm32f10x_i2c.o(.text), (1028 bytes).
    Removing stm32f10x_iwdg.o(.text), (64 bytes).
    Removing stm32f10x_pwr.o(.text), (204 bytes).
    Removing stm32f10x_rtc.o(.text), (328 bytes).
    Removing stm32f10x_sdio.o(.text), (468 bytes).
    Removing stm32f10x_spi.o(.text), (780 bytes).
    Removing stm32f10x_wwdg.o(.text), (136 bytes).

18 unused section(s) (total 10594 bytes) removed from the image.

==============================================================================

Image Symbol Table

    Local Symbols

    Symbol Name                              Value     Ov Type        Size  Object(Section)

    ../clib/microlib/init/entry.s            0x00000000   Number         0  entry11b.o ABSOLUTE
    ../clib/microlib/init/entry.s            0x00000000   Number         0  entry10a.o ABSOLUTE
    ../clib/microlib/init/entry.s            0x00000000   Number         0  entry.o ABSOLUTE
    ../clib/microlib/init/entry.s            0x00000000   Number         0  entry9b.o ABSOLUTE
    ../clib/microlib/init/entry.s            0x00000000   Number         0  entry9a.o ABSOLUTE
    ../clib/microlib/init/entry.s            0x00000000   Number         0  entry8b.o ABSOLUTE
    ../clib/microlib/init/entry.s            0x00000000   Number         0  entry8a.o ABSOLUTE
    ../clib/microlib/init/entry.s            0x00000000   Number         0  entry2.o ABSOLUTE
    ../clib/microlib/init/entry.s            0x00000000   Number         0  entry5.o ABSOLUTE
    ../clib/microlib/init/entry.s            0x00000000   Number         0  entry7a.o ABSOLUTE
    ../clib/microlib/init/entry.s            0x00000000   Number         0  entry7b.o ABSOLUTE
    ../clib/microlib/init/entry.s            0x00000000   Number         0  entry10b.o ABSOLUTE
    ../clib/microlib/init/entry.s            0x00000000   Number         0  entry11a.o ABSOLUTE
    ../clib/microlib/string/memcpy.c         0x00000000   Number         0  memcpya.o ABSOLUTE
    ../clib/microlib/string/memcpy.c         0x00000000   Number         0  memcpyb.o ABSOLUTE
    ..\..\HARDWARE\BOOT\bootloader.c         0x00000000   Number         0  bootloader.o ABSOLUTE
    ..\..\HARDWARE\YModem\ymodem.c           0x00000000   Number         0  ymodem.o ABSOLUTE
    ..\..\HARDWARE\bsp_key.c                 0x00000000   Number         0  bsp_key.o ABSOLUTE
    ..\..\HARDWARE\bsp_led.c                 0x00000000   Number         0  bsp_led.o ABSOLUTE
    ..\..\HARDWARE\bsp_usart.c               0x00000000   Number         0  bsp_usart.o ABSOLUTE
    ..\..\Libraries\CMSIS\core_cm3.c         0x00000000   Number         0  core_cm3.o ABSOLUTE
    ..\..\Libraries\CMSIS\startup\startup_stm32f10x_md.s 0x00000000   Number         0  startup_stm32f10x_md.o ABSOLUTE
    ..\..\Libraries\CMSIS\system_stm32f10x.c 0x00000000   Number         0  system_stm32f10x.o ABSOLUTE
    ..\..\Libraries\FWlib\src\misc.c         0x00000000   Number         0  misc.o ABSOLUTE
    ..\..\Libraries\FWlib\src\stm32f10x_adc.c 0x00000000   Number         0  stm32f10x_adc.o ABSOLUTE
    ..\..\Libraries\FWlib\src\stm32f10x_bkp.c 0x00000000   Number         0  stm32f10x_bkp.o ABSOLUTE
    ..\..\Libraries\FWlib\src\stm32f10x_can.c 0x00000000   Number         0  stm32f10x_can.o ABSOLUTE
    ..\..\Libraries\FWlib\src\stm32f10x_cec.c 0x00000000   Number         0  stm32f10x_cec.o ABSOLUTE
    ..\..\Libraries\FWlib\src\stm32f10x_crc.c 0x00000000   Number         0  stm32f10x_crc.o ABSOLUTE
    ..\..\Libraries\FWlib\src\stm32f10x_dac.c 0x00000000   Number         0  stm32f10x_dac.o ABSOLUTE
    ..\..\Libraries\FWlib\src\stm32f10x_dbgmcu.c 0x00000000   Number         0  stm32f10x_dbgmcu.o ABSOLUTE
    ..\..\Libraries\FWlib\src\stm32f10x_dma.c 0x00000000   Number         0  stm32f10x_dma.o ABSOLUTE
    ..\..\Libraries\FWlib\src\stm32f10x_exti.c 0x00000000   Number         0  stm32f10x_exti.o ABSOLUTE
    ..\..\Libraries\FWlib\src\stm32f10x_flash.c 0x00000000   Number         0  stm32f10x_flash.o ABSOLUTE
    ..\..\Libraries\FWlib\src\stm32f10x_fsmc.c 0x00000000   Number         0  stm32f10x_fsmc.o ABSOLUTE
    ..\..\Libraries\FWlib\src\stm32f10x_gpio.c 0x00000000   Number         0  stm32f10x_gpio.o ABSOLUTE
    ..\..\Libraries\FWlib\src\stm32f10x_i2c.c 0x00000000   Number         0  stm32f10x_i2c.o ABSOLUTE
    ..\..\Libraries\FWlib\src\stm32f10x_iwdg.c 0x00000000   Number         0  stm32f10x_iwdg.o ABSOLUTE
    ..\..\Libraries\FWlib\src\stm32f10x_pwr.c 0x00000000   Number         0  stm32f10x_pwr.o ABSOLUTE
    ..\..\Libraries\FWlib\src\stm32f10x_rcc.c 0x00000000   Number         0  stm32f10x_rcc.o ABSOLUTE
    ..\..\Libraries\FWlib\src\stm32f10x_rtc.c 0x00000000   Number         0  stm32f10x_rtc.o ABSOLUTE
    ..\..\Libraries\FWlib\src\stm32f10x_sdio.c 0x00000000   Number         0  stm32f10x_sdio.o ABSOLUTE
    ..\..\Libraries\FWlib\src\stm32f10x_spi.c 0x00000000   Number         0  stm32f10x_spi.o ABSOLUTE
    ..\..\Libraries\FWlib\src\stm32f10x_tim.c 0x00000000   Number         0  stm32f10x_tim.o ABSOLUTE
    ..\..\Libraries\FWlib\src\stm32f10x_usart.c 0x00000000   Number         0  stm32f10x_usart.o ABSOLUTE
    ..\..\Libraries\FWlib\src\stm32f10x_wwdg.c 0x00000000   Number         0  stm32f10x_wwdg.o ABSOLUTE
    ..\..\User\SysTick.c                     0x00000000   Number         0  systick.o ABSOLUTE
    ..\..\User\main.c                        0x00000000   Number         0  main.o ABSOLUTE
    ..\..\User\stm32f10x_it.c                0x00000000   Number         0  stm32f10x_it.o ABSOLUTE
    ..\\..\\Libraries\\CMSIS\\core_cm3.c     0x00000000   Number         0  core_cm3.o ABSOLUTE
    dc.s                                     0x00000000   Number         0  dc.o ABSOLUTE
    handlers.s                               0x00000000   Number         0  handlers.o ABSOLUTE
    init.s                                   0x00000000   Number         0  init.o ABSOLUTE
    RESET                                    0x08000000   Section      236  startup_stm32f10x_md.o(RESET)
    .ARM.Collect$$$$00000000                 0x080000ec   Section        0  entry.o(.ARM.Collect$$$$00000000)
    .ARM.Collect$$$$00000001                 0x080000ec   Section        4  entry2.o(.ARM.Collect$$$$00000001)
    .ARM.Collect$$$$00000004                 0x080000f0   Section        4  entry5.o(.ARM.Collect$$$$00000004)
    .ARM.Collect$$$$00000008                 0x080000f4   Section        0  entry7b.o(.ARM.Collect$$$$00000008)
    .ARM.Collect$$$$0000000A                 0x080000f4   Section        0  entry8b.o(.ARM.Collect$$$$0000000A)
    .ARM.Collect$$$$0000000B                 0x080000f4   Section        8  entry9a.o(.ARM.Collect$$$$0000000B)
    .ARM.Collect$$$$0000000D                 0x080000fc   Section        0  entry10a.o(.ARM.Collect$$$$0000000D)
    .ARM.Collect$$$$0000000F                 0x080000fc   Section        0  entry11a.o(.ARM.Collect$$$$0000000F)
    .ARM.Collect$$$$00002712                 0x080000fc   Section        4  entry2.o(.ARM.Collect$$$$00002712)
    __lit__00000000                          0x080000fc   Data           4  entry2.o(.ARM.Collect$$$$00002712)
    .emb_text                                0x08000100   Section       32  core_cm3.o(.emb_text)
    .text                                    0x08000120   Section       36  startup_stm32f10x_md.o(.text)
    .text                                    0x08000144   Section        0  system_stm32f10x.o(.text)
    SetSysClockTo72                          0x08000145   Thumb Code   214  system_stm32f10x.o(.text)
    SetSysClock                              0x0800021b   Thumb Code     8  system_stm32f10x.o(.text)
    .text                                    0x08000324   Section        0  misc.o(.text)
    .text                                    0x08000400   Section        0  stm32f10x_flash.o(.text)
    .text                                    0x080009bc   Section        0  stm32f10x_gpio.o(.text)
    .text                                    0x08000d18   Section        0  stm32f10x_rcc.o(.text)
    .text                                    0x080010bc   Section        0  stm32f10x_tim.o(.text)
    TI4_Config                               0x08001563   Thumb Code   130  stm32f10x_tim.o(.text)
    TI3_Config                               0x080015f7   Thumb Code   122  stm32f10x_tim.o(.text)
    TI2_Config                               0x0800168b   Thumb Code   130  stm32f10x_tim.o(.text)
    TI1_Config                               0x0800171f   Thumb Code   108  stm32f10x_tim.o(.text)
    .text                                    0x08001ed8   Section        0  stm32f10x_usart.o(.text)
    .text                                    0x080022e0   Section        0  main.o(.text)
    iap_process                              0x080022e1   Thumb Code    36  main.o(.text)
    .text                                    0x08002360   Section        0  stm32f10x_it.o(.text)
    .text                                    0x0800237c   Section        0  systick.o(.text)
    SysTick_Config                           0x0800237d   Thumb Code    76  systick.o(.text)
    .text                                    0x080024b4   Section        0  bsp_led.o(.text)
    .text                                    0x080024ec   Section        0  bsp_usart.o(.text)
    NVIC_Configuration                       0x080024ed   Thumb Code    40  bsp_usart.o(.text)
    .text                                    0x080026cc   Section        0  ymodem.o(.text)
    ymodem_recv                              0x080027ab   Thumb Code   272  ymodem.o(.text)
    .text                                    0x080029ec   Section        0  bootloader.o(.text)
    .text                                    0x08002acc   Section        0  bsp_key.o(.text)
    .text                                    0x08002b18   Section        0  memcpya.o(.text)
    .text                                    0x08002b3c   Section       36  init.o(.text)
    i.__scatterload_copy                     0x08002b60   Section       14  handlers.o(i.__scatterload_copy)
    i.__scatterload_null                     0x08002b6e   Section        2  handlers.o(i.__scatterload_null)
    i.__scatterload_zeroinit                 0x08002b70   Section       14  handlers.o(i.__scatterload_zeroinit)
    .data                                    0x20000000   Section       20  system_stm32f10x.o(.data)
    .data                                    0x20000014   Section       20  stm32f10x_rcc.o(.data)
    APBAHBPrescTable                         0x20000014   Data          16  stm32f10x_rcc.o(.data)
    ADCPrescTable                            0x20000024   Data           4  stm32f10x_rcc.o(.data)
    .data                                    0x20000028   Section        4  systick.o(.data)
    TimingDelay                              0x20000028   Data           4  systick.o(.data)
    .data                                    0x2000002c   Section        8  ymodem.o(.data)
    ymodem_status                            0x2000002c   Data           1  ymodem.o(.data)
    ymodem_addr                              0x20000030   Data           4  ymodem.o(.data)
    .data                                    0x20000034   Section        4  bootloader.o(.data)
    .bss                                     0x20000038   Section     2414  ymodem.o(.bss)
    STACK                                    0x200009a8   Section     1024  startup_stm32f10x_md.o(STACK)

    Global Symbols

    Symbol Name                              Value     Ov Type        Size  Object(Section)

    BuildAttributes$$THM_ISAv4$P$D$K$B$S$PE$A:L22UL41UL21$X:L11$S22US41US21$IEEE1$IW$USESV6$~STKCKD$USESV7$~SHL$OSPACE$EBA8$MICROLIB$REQ8$PRES8$EABIv2 0x00000000   Number         0  anon$$obj.o ABSOLUTE
    __ARM_use_no_argv                        0x00000000   Number         0  main.o ABSOLUTE
    __cpp_initialize__aeabi_                  - Undefined Weak Reference
    __cxa_finalize                            - Undefined Weak Reference
    __decompress                              - Undefined Weak Reference
    _clock_init                               - Undefined Weak Reference
    _microlib_exit                            - Undefined Weak Reference
    __Vectors_Size                           0x000000ec   Number         0  startup_stm32f10x_md.o ABSOLUTE
    __Vectors                                0x08000000   Data           4  startup_stm32f10x_md.o(RESET)
    __Vectors_End                            0x080000ec   Data           0  startup_stm32f10x_md.o(RESET)
    __main                                   0x080000ed   Thumb Code     0  entry.o(.ARM.Collect$$$$00000000)
    _main_stk                                0x080000ed   Thumb Code     0  entry2.o(.ARM.Collect$$$$00000001)
    _main_scatterload                        0x080000f1   Thumb Code     0  entry5.o(.ARM.Collect$$$$00000004)
    __main_after_scatterload                 0x080000f5   Thumb Code     0  entry5.o(.ARM.Collect$$$$00000004)
    _main_clock                              0x080000f5   Thumb Code     0  entry7b.o(.ARM.Collect$$$$00000008)
    _main_cpp_init                           0x080000f5   Thumb Code     0  entry8b.o(.ARM.Collect$$$$0000000A)
    _main_init                               0x080000f5   Thumb Code     0  entry9a.o(.ARM.Collect$$$$0000000B)
    __rt_final_cpp                           0x080000fd   Thumb Code     0  entry10a.o(.ARM.Collect$$$$0000000D)
    __rt_final_exit                          0x080000fd   Thumb Code     0  entry11a.o(.ARM.Collect$$$$0000000F)
    __get_PSP                                0x08000101   Thumb Code     6  core_cm3.o(.emb_text)
    __set_PSP                                0x08000107   Thumb Code     6  core_cm3.o(.emb_text)
    __get_MSP                                0x0800010d   Thumb Code     6  core_cm3.o(.emb_text)
    __set_MSP                                0x08000113   Thumb Code     6  core_cm3.o(.emb_text)
    __REV16                                  0x08000119   Thumb Code     4  core_cm3.o(.emb_text)
    __REVSH                                  0x0800011d   Thumb Code     4  core_cm3.o(.emb_text)
    Reset_Handler                            0x08000121   Thumb Code     8  startup_stm32f10x_md.o(.text)
    ADC1_2_IRQHandler                        0x0800013b   Thumb Code     0  startup_stm32f10x_md.o(.text)
    CAN1_RX1_IRQHandler                      0x0800013b   Thumb Code     0  startup_stm32f10x_md.o(.text)
    CAN1_SCE_IRQHandler                      0x0800013b   Thumb Code     0  startup_stm32f10x_md.o(.text)
    DMA1_Channel1_IRQHandler                 0x0800013b   Thumb Code     0  startup_stm32f10x_md.o(.text)
    DMA1_Channel2_IRQHandler                 0x0800013b   Thumb Code     0  startup_stm32f10x_md.o(.text)
    DMA1_Channel3_IRQHandler                 0x0800013b   Thumb Code     0  startup_stm32f10x_md.o(.text)
    DMA1_Channel4_IRQHandler                 0x0800013b   Thumb Code     0  startup_stm32f10x_md.o(.text)
    DMA1_Channel5_IRQHandler                 0x0800013b   Thumb Code     0  startup_stm32f10x_md.o(.text)
    DMA1_Channel6_IRQHandler                 0x0800013b   Thumb Code     0  startup_stm32f10x_md.o(.text)
    DMA1_Channel7_IRQHandler                 0x0800013b   Thumb Code     0  startup_stm32f10x_md.o(.text)
    EXTI0_IRQHandler                         0x0800013b   Thumb Code     0  startup_stm32f10x_md.o(.text)
    EXTI15_10_IRQHandler                     0x0800013b   Thumb Code     0  startup_stm32f10x_md.o(.text)
    EXTI1_IRQHandler                         0x0800013b   Thumb Code     0  startup_stm32f10x_md.o(.text)
    EXTI2_IRQHandler                         0x0800013b   Thumb Code     0  startup_stm32f10x_md.o(.text)
    EXTI3_IRQHandler                         0x0800013b   Thumb Code     0  startup_stm32f10x_md.o(.text)
    EXTI4_IRQHandler                         0x0800013b   Thumb Code     0  startup_stm32f10x_md.o(.text)
    EXTI9_5_IRQHandler                       0x0800013b   Thumb Code     0  startup_stm32f10x_md.o(.text)
    FLASH_IRQHandler                         0x0800013b   Thumb Code     0  startup_stm32f10x_md.o(.text)
    I2C1_ER_IRQHandler                       0x0800013b   Thumb Code     0  startup_stm32f10x_md.o(.text)
    I2C1_EV_IRQHandler                       0x0800013b   Thumb Code     0  startup_stm32f10x_md.o(.text)
    I2C2_ER_IRQHandler                       0x0800013b   Thumb Code     0  startup_stm32f10x_md.o(.text)
    I2C2_EV_IRQHandler                       0x0800013b   Thumb Code     0  startup_stm32f10x_md.o(.text)
    PVD_IRQHandler                           0x0800013b   Thumb Code     0  startup_stm32f10x_md.o(.text)
    RCC_IRQHandler                           0x0800013b   Thumb Code     0  startup_stm32f10x_md.o(.text)
    RTCAlarm_IRQHandler                      0x0800013b   Thumb Code     0  startup_stm32f10x_md.o(.text)
    RTC_IRQHandler                           0x0800013b   Thumb Code     0  startup_stm32f10x_md.o(.text)
    SPI1_IRQHandler                          0x0800013b   Thumb Code     0  startup_stm32f10x_md.o(.text)
    SPI2_IRQHandler                          0x0800013b   Thumb Code     0  startup_stm32f10x_md.o(.text)
    TAMPER_IRQHandler                        0x0800013b   Thumb Code     0  startup_stm32f10x_md.o(.text)
    TIM1_BRK_IRQHandler                      0x0800013b   Thumb Code     0  startup_stm32f10x_md.o(.text)
    TIM1_CC_IRQHandler                       0x0800013b   Thumb Code     0  startup_stm32f10x_md.o(.text)
    TIM1_TRG_COM_IRQHandler                  0x0800013b   Thumb Code     0  startup_stm32f10x_md.o(.text)
    TIM1_UP_IRQHandler                       0x0800013b   Thumb Code     0  startup_stm32f10x_md.o(.text)
    TIM2_IRQHandler                          0x0800013b   Thumb Code     0  startup_stm32f10x_md.o(.text)
    TIM4_IRQHandler                          0x0800013b   Thumb Code     0  startup_stm32f10x_md.o(.text)
    USART2_IRQHandler                        0x0800013b   Thumb Code     0  startup_stm32f10x_md.o(.text)
    USART3_IRQHandler                        0x0800013b   Thumb Code     0  startup_stm32f10x_md.o(.text)
    USBWakeUp_IRQHandler                     0x0800013b   Thumb Code     0  startup_stm32f10x_md.o(.text)
    USB_HP_CAN1_TX_IRQHandler                0x0800013b   Thumb Code     0  startup_stm32f10x_md.o(.text)
    USB_LP_CAN1_RX0_IRQHandler               0x0800013b   Thumb Code     0  startup_stm32f10x_md.o(.text)
    WWDG_IRQHandler                          0x0800013b   Thumb Code     0  startup_stm32f10x_md.o(.text)
    SystemInit                               0x08000223   Thumb Code    78  system_stm32f10x.o(.text)
    SystemCoreClockUpdate                    0x08000271   Thumb Code   142  system_stm32f10x.o(.text)
    NVIC_PriorityGroupConfig                 0x08000325   Thumb Code    10  misc.o(.text)
    NVIC_Init                                0x0800032f   Thumb Code   100  misc.o(.text)
    NVIC_SetVectorTable                      0x08000393   Thumb Code    14  misc.o(.text)
    NVIC_SystemLPConfig                      0x080003a1   Thumb Code    34  misc.o(.text)
    SysTick_CLKSourceConfig                  0x080003c3   Thumb Code    40  misc.o(.text)
    FLASH_SetLatency                         0x08000401   Thumb Code    18  stm32f10x_flash.o(.text)
    FLASH_HalfCycleAccessCmd                 0x08000413   Thumb Code    22  stm32f10x_flash.o(.text)
    FLASH_PrefetchBufferCmd                  0x08000429   Thumb Code    22  stm32f10x_flash.o(.text)
    FLASH_Unlock                             0x0800043f   Thumb Code    12  stm32f10x_flash.o(.text)
    FLASH_UnlockBank1                        0x0800044b   Thumb Code    12  stm32f10x_flash.o(.text)
    FLASH_Lock                               0x08000457   Thumb Code    14  stm32f10x_flash.o(.text)
    FLASH_LockBank1                          0x08000465   Thumb Code    14  stm32f10x_flash.o(.text)
    FLASH_GetBank1Status                     0x08000473   Thumb Code    48  stm32f10x_flash.o(.text)
    FLASH_WaitForLastOperation               0x080004a3   Thumb Code    38  stm32f10x_flash.o(.text)
    FLASH_ErasePage                          0x080004c9   Thumb Code    72  stm32f10x_flash.o(.text)
    FLASH_EraseAllPages                      0x08000511   Thumb Code    68  stm32f10x_flash.o(.text)
    FLASH_WaitForLastBank1Operation          0x08000555   Thumb Code    38  stm32f10x_flash.o(.text)
    FLASH_EraseAllBank1Pages                 0x0800057b   Thumb Code    68  stm32f10x_flash.o(.text)
    FLASH_GetReadOutProtectionStatus         0x080005bf   Thumb Code    20  stm32f10x_flash.o(.text)
    FLASH_EraseOptionBytes                   0x080005d3   Thumb Code   150  stm32f10x_flash.o(.text)
    FLASH_ProgramWord                        0x08000669   Thumb Code   102  stm32f10x_flash.o(.text)
    FLASH_ProgramHalfWord                    0x080006cf   Thumb Code    60  stm32f10x_flash.o(.text)
    FLASH_ProgramOptionByteData              0x0800070b   Thumb Code    72  stm32f10x_flash.o(.text)
    FLASH_EnableWriteProtection              0x08000753   Thumb Code   200  stm32f10x_flash.o(.text)
    FLASH_ReadOutProtection                  0x0800081b   Thumb Code   156  stm32f10x_flash.o(.text)
    FLASH_UserOptionByteConfig               0x080008b7   Thumb Code    88  stm32f10x_flash.o(.text)
    FLASH_GetUserOptionByte                  0x0800090f   Thumb Code     8  stm32f10x_flash.o(.text)
    FLASH_GetWriteProtectionOptionByte       0x08000917   Thumb Code     6  stm32f10x_flash.o(.text)
    FLASH_GetPrefetchBufferStatus            0x0800091d   Thumb Code    20  stm32f10x_flash.o(.text)
    FLASH_ITConfig                           0x08000931   Thumb Code    26  stm32f10x_flash.o(.text)
    FLASH_GetFlagStatus                      0x0800094b   Thumb Code    42  stm32f10x_flash.o(.text)
    FLASH_ClearFlag                          0x08000975   Thumb Code     6  stm32f10x_flash.o(.text)
    FLASH_GetStatus                          0x0800097b   Thumb Code    48  stm32f10x_flash.o(.text)
    GPIO_DeInit                              0x080009bd   Thumb Code   172  stm32f10x_gpio.o(.text)
    GPIO_AFIODeInit                          0x08000a69   Thumb Code    20  stm32f10x_gpio.o(.text)
    GPIO_Init                                0x08000a7d   Thumb Code   278  stm32f10x_gpio.o(.text)
    GPIO_StructInit                          0x08000b93   Thumb Code    16  stm32f10x_gpio.o(.text)
    GPIO_ReadInputDataBit                    0x08000ba3   Thumb Code    18  stm32f10x_gpio.o(.text)
    GPIO_ReadInputData                       0x08000bb5   Thumb Code     8  stm32f10x_gpio.o(.text)
    GPIO_ReadOutputDataBit                   0x08000bbd   Thumb Code    18  stm32f10x_gpio.o(.text)
    GPIO_ReadOutputData                      0x08000bcf   Thumb Code     8  stm32f10x_gpio.o(.text)
    GPIO_SetBits                             0x08000bd7   Thumb Code     4  stm32f10x_gpio.o(.text)
    GPIO_ResetBits                           0x08000bdb   Thumb Code     4  stm32f10x_gpio.o(.text)
    GPIO_WriteBit                            0x08000bdf   Thumb Code    10  stm32f10x_gpio.o(.text)
    GPIO_Write                               0x08000be9   Thumb Code     4  stm32f10x_gpio.o(.text)
    GPIO_PinLockConfig                       0x08000bed   Thumb Code    18  stm32f10x_gpio.o(.text)
    GPIO_EventOutputConfig                   0x08000bff   Thumb Code    26  stm32f10x_gpio.o(.text)
    GPIO_EventOutputCmd                      0x08000c19   Thumb Code     6  stm32f10x_gpio.o(.text)
    GPIO_PinRemapConfig                      0x08000c1f   Thumb Code   138  stm32f10x_gpio.o(.text)
    GPIO_EXTILineConfig                      0x08000ca9   Thumb Code    66  stm32f10x_gpio.o(.text)
    GPIO_ETH_MediaInterfaceConfig            0x08000ceb   Thumb Code     8  stm32f10x_gpio.o(.text)
    RCC_DeInit                               0x08000d19   Thumb Code    64  stm32f10x_rcc.o(.text)
    RCC_HSEConfig                            0x08000d59   Thumb Code    70  stm32f10x_rcc.o(.text)
    RCC_GetFlagStatus                        0x08000d9f   Thumb Code    56  stm32f10x_rcc.o(.text)
    RCC_WaitForHSEStartUp                    0x08000dd7   Thumb Code    56  stm32f10x_rcc.o(.text)
    RCC_AdjustHSICalibrationValue            0x08000e0f   Thumb Code    20  stm32f10x_rcc.o(.text)
    RCC_HSICmd                               0x08000e23   Thumb Code     6  stm32f10x_rcc.o(.text)
    RCC_PLLConfig                            0x08000e29   Thumb Code    24  stm32f10x_rcc.o(.text)
    RCC_PLLCmd                               0x08000e41   Thumb Code     6  stm32f10x_rcc.o(.text)
    RCC_SYSCLKConfig                         0x08000e47   Thumb Code    18  stm32f10x_rcc.o(.text)
    RCC_GetSYSCLKSource                      0x08000e59   Thumb Code    10  stm32f10x_rcc.o(.text)
    RCC_HCLKConfig                           0x08000e63   Thumb Code    18  stm32f10x_rcc.o(.text)
    RCC_PCLK1Config                          0x08000e75   Thumb Code    18  stm32f10x_rcc.o(.text)
    RCC_PCLK2Config                          0x08000e87   Thumb Code    20  stm32f10x_rcc.o(.text)
    RCC_ITConfig                             0x08000e9b   Thumb Code    26  stm32f10x_rcc.o(.text)
    RCC_USBCLKConfig                         0x08000eb5   Thumb Code     8  stm32f10x_rcc.o(.text)
    RCC_ADCCLKConfig                         0x08000ebd   Thumb Code    18  stm32f10x_rcc.o(.text)
    RCC_LSEConfig                            0x08000ecf   Thumb Code    50  stm32f10x_rcc.o(.text)
    RCC_LSICmd                               0x08000f01   Thumb Code     6  stm32f10x_rcc.o(.text)
    RCC_RTCCLKConfig                         0x08000f07   Thumb Code    12  stm32f10x_rcc.o(.text)
    RCC_RTCCLKCmd                            0x08000f13   Thumb Code     8  stm32f10x_rcc.o(.text)
    RCC_GetClocksFreq                        0x08000f1b   Thumb Code   192  stm32f10x_rcc.o(.text)
    RCC_AHBPeriphClockCmd                    0x08000fdb   Thumb Code    26  stm32f10x_rcc.o(.text)
    RCC_APB2PeriphClockCmd                   0x08000ff5   Thumb Code    26  stm32f10x_rcc.o(.text)
    RCC_APB1PeriphClockCmd                   0x0800100f   Thumb Code    26  stm32f10x_rcc.o(.text)
    RCC_APB2PeriphResetCmd                   0x08001029   Thumb Code    26  stm32f10x_rcc.o(.text)
    RCC_APB1PeriphResetCmd                   0x08001043   Thumb Code    26  stm32f10x_rcc.o(.text)
    RCC_BackupResetCmd                       0x0800105d   Thumb Code     8  stm32f10x_rcc.o(.text)
    RCC_ClockSecuritySystemCmd               0x08001065   Thumb Code     6  stm32f10x_rcc.o(.text)
    RCC_MCOConfig                            0x0800106b   Thumb Code     6  stm32f10x_rcc.o(.text)
    RCC_ClearFlag                            0x08001071   Thumb Code    14  stm32f10x_rcc.o(.text)
    RCC_GetITStatus                          0x0800107f   Thumb Code    20  stm32f10x_rcc.o(.text)
    RCC_ClearITPendingBit                    0x08001093   Thumb Code     6  stm32f10x_rcc.o(.text)
    TIM_DeInit                               0x080010bd   Thumb Code   424  stm32f10x_tim.o(.text)
    TIM_TimeBaseInit                         0x08001265   Thumb Code   122  stm32f10x_tim.o(.text)
    TIM_OC1Init                              0x080012df   Thumb Code   132  stm32f10x_tim.o(.text)
    TIM_OC2Init                              0x08001363   Thumb Code   154  stm32f10x_tim.o(.text)
    TIM_OC3Init                              0x080013fd   Thumb Code   150  stm32f10x_tim.o(.text)
    TIM_OC4Init                              0x08001493   Thumb Code   182  stm32f10x_tim.o(.text)
    TIM_SetIC4Prescaler                      0x08001549   Thumb Code    26  stm32f10x_tim.o(.text)
    TIM_SetIC3Prescaler                      0x080015e5   Thumb Code    18  stm32f10x_tim.o(.text)
    TIM_SetIC2Prescaler                      0x08001671   Thumb Code    26  stm32f10x_tim.o(.text)
    TIM_SetIC1Prescaler                      0x0800170d   Thumb Code    18  stm32f10x_tim.o(.text)
    TIM_ICInit                               0x0800178b   Thumb Code   150  stm32f10x_tim.o(.text)
    TIM_PWMIConfig                           0x08001821   Thumb Code   124  stm32f10x_tim.o(.text)
    TIM_BDTRConfig                           0x0800189d   Thumb Code    32  stm32f10x_tim.o(.text)
    TIM_TimeBaseStructInit                   0x080018bd   Thumb Code    18  stm32f10x_tim.o(.text)
    TIM_OCStructInit                         0x080018cf   Thumb Code    20  stm32f10x_tim.o(.text)
    TIM_ICStructInit                         0x080018e3   Thumb Code    18  stm32f10x_tim.o(.text)
    TIM_BDTRStructInit                       0x080018f5   Thumb Code    40  stm32f10x_tim.o(.text)
    TIM_Cmd                                  0x0800191d   Thumb Code    24  stm32f10x_tim.o(.text)
    TIM_CtrlPWMOutputs                       0x08001935   Thumb Code    30  stm32f10x_tim.o(.text)
    TIM_ITConfig                             0x08001953   Thumb Code    18  stm32f10x_tim.o(.text)
    TIM_GenerateEvent                        0x08001965   Thumb Code     4  stm32f10x_tim.o(.text)
    TIM_DMAConfig                            0x08001969   Thumb Code    10  stm32f10x_tim.o(.text)
    TIM_DMACmd                               0x08001973   Thumb Code    18  stm32f10x_tim.o(.text)
    TIM_InternalClockConfig                  0x08001985   Thumb Code    12  stm32f10x_tim.o(.text)
    TIM_SelectInputTrigger                   0x08001991   Thumb Code    18  stm32f10x_tim.o(.text)
    TIM_ITRxExternalClockConfig              0x080019a3   Thumb Code    24  stm32f10x_tim.o(.text)
    TIM_TIxExternalClockConfig               0x080019bb   Thumb Code    62  stm32f10x_tim.o(.text)
    TIM_ETRConfig                            0x080019f9   Thumb Code    28  stm32f10x_tim.o(.text)
    TIM_ETRClockMode1Config                  0x08001a15   Thumb Code    54  stm32f10x_tim.o(.text)
    TIM_ETRClockMode2Config                  0x08001a4b   Thumb Code    32  stm32f10x_tim.o(.text)
    TIM_PrescalerConfig                      0x08001a6b   Thumb Code     6  stm32f10x_tim.o(.text)
    TIM_CounterModeConfig                    0x08001a71   Thumb Code    18  stm32f10x_tim.o(.text)
    TIM_EncoderInterfaceConfig               0x08001a83   Thumb Code    66  stm32f10x_tim.o(.text)
    TIM_ForcedOC1Config                      0x08001ac5   Thumb Code    18  stm32f10x_tim.o(.text)
    TIM_ForcedOC2Config                      0x08001ad7   Thumb Code    26  stm32f10x_tim.o(.text)
    TIM_ForcedOC3Config                      0x08001af1   Thumb Code    18  stm32f10x_tim.o(.text)
    TIM_ForcedOC4Config                      0x08001b03   Thumb Code    26  stm32f10x_tim.o(.text)
    TIM_ARRPreloadConfig                     0x08001b1d   Thumb Code    24  stm32f10x_tim.o(.text)
    TIM_SelectCOM                            0x08001b35   Thumb Code    24  stm32f10x_tim.o(.text)
    TIM_SelectCCDMA                          0x08001b4d   Thumb Code    24  stm32f10x_tim.o(.text)
    TIM_CCPreloadControl                     0x08001b65   Thumb Code    24  stm32f10x_tim.o(.text)
    TIM_OC1PreloadConfig                     0x08001b7d   Thumb Code    18  stm32f10x_tim.o(.text)
    TIM_OC2PreloadConfig                     0x08001b8f   Thumb Code    26  stm32f10x_tim.o(.text)
    TIM_OC3PreloadConfig                     0x08001ba9   Thumb Code    18  stm32f10x_tim.o(.text)
    TIM_OC4PreloadConfig                     0x08001bbb   Thumb Code    26  stm32f10x_tim.o(.text)
    TIM_OC1FastConfig                        0x08001bd5   Thumb Code    18  stm32f10x_tim.o(.text)
    TIM_OC2FastConfig                        0x08001be7   Thumb Code    26  stm32f10x_tim.o(.text)
    TIM_OC3FastConfig                        0x08001c01   Thumb Code    18  stm32f10x_tim.o(.text)
    TIM_OC4FastConfig                        0x08001c13   Thumb Code    26  stm32f10x_tim.o(.text)
    TIM_ClearOC1Ref                          0x08001c2d   Thumb Code    18  stm32f10x_tim.o(.text)
    TIM_ClearOC2Ref                          0x08001c3f   Thumb Code    24  stm32f10x_tim.o(.text)
    TIM_ClearOC3Ref                          0x08001c57   Thumb Code    18  stm32f10x_tim.o(.text)
    TIM_ClearOC4Ref                          0x08001c69   Thumb Code    24  stm32f10x_tim.o(.text)
    TIM_OC1PolarityConfig                    0x08001c81   Thumb Code    18  stm32f10x_tim.o(.text)
    TIM_OC1NPolarityConfig                   0x08001c93   Thumb Code    18  stm32f10x_tim.o(.text)
    TIM_OC2PolarityConfig                    0x08001ca5   Thumb Code    26  stm32f10x_tim.o(.text)
    TIM_OC2NPolarityConfig                   0x08001cbf   Thumb Code    26  stm32f10x_tim.o(.text)
    TIM_OC3PolarityConfig                    0x08001cd9   Thumb Code    26  stm32f10x_tim.o(.text)
    TIM_OC3NPolarityConfig                   0x08001cf3   Thumb Code    26  stm32f10x_tim.o(.text)
    TIM_OC4PolarityConfig                    0x08001d0d   Thumb Code    26  stm32f10x_tim.o(.text)
    TIM_CCxCmd                               0x08001d27   Thumb Code    30  stm32f10x_tim.o(.text)
    TIM_CCxNCmd                              0x08001d45   Thumb Code    30  stm32f10x_tim.o(.text)
    TIM_SelectOCxM                           0x08001d63   Thumb Code    82  stm32f10x_tim.o(.text)
    TIM_UpdateDisableConfig                  0x08001db5   Thumb Code    24  stm32f10x_tim.o(.text)
    TIM_UpdateRequestConfig                  0x08001dcd   Thumb Code    24  stm32f10x_tim.o(.text)
    TIM_SelectHallSensor                     0x08001de5   Thumb Code    24  stm32f10x_tim.o(.text)
    TIM_SelectOnePulseMode                   0x08001dfd   Thumb Code    18  stm32f10x_tim.o(.text)
    TIM_SelectOutputTrigger                  0x08001e0f   Thumb Code    18  stm32f10x_tim.o(.text)
    TIM_SelectSlaveMode                      0x08001e21   Thumb Code    18  stm32f10x_tim.o(.text)
    TIM_SelectMasterSlaveMode                0x08001e33   Thumb Code    18  stm32f10x_tim.o(.text)
    TIM_SetCounter                           0x08001e45   Thumb Code     4  stm32f10x_tim.o(.text)
    TIM_SetAutoreload                        0x08001e49   Thumb Code     4  stm32f10x_tim.o(.text)
    TIM_SetCompare1                          0x08001e4d   Thumb Code     4  stm32f10x_tim.o(.text)
    TIM_SetCompare2                          0x08001e51   Thumb Code     4  stm32f10x_tim.o(.text)
    TIM_SetCompare3                          0x08001e55   Thumb Code     4  stm32f10x_tim.o(.text)
    TIM_SetCompare4                          0x08001e59   Thumb Code     6  stm32f10x_tim.o(.text)
    TIM_SetClockDivision                     0x08001e5f   Thumb Code    18  stm32f10x_tim.o(.text)
    TIM_GetCapture1                          0x08001e71   Thumb Code     6  stm32f10x_tim.o(.text)
    TIM_GetCapture2                          0x08001e77   Thumb Code     6  stm32f10x_tim.o(.text)
    TIM_GetCapture3                          0x08001e7d   Thumb Code     6  stm32f10x_tim.o(.text)
    TIM_GetCapture4                          0x08001e83   Thumb Code     8  stm32f10x_tim.o(.text)
    TIM_GetCounter                           0x08001e8b   Thumb Code     6  stm32f10x_tim.o(.text)
    TIM_GetPrescaler                         0x08001e91   Thumb Code     6  stm32f10x_tim.o(.text)
    TIM_GetFlagStatus                        0x08001e97   Thumb Code    18  stm32f10x_tim.o(.text)
    TIM_ClearFlag                            0x08001ea9   Thumb Code     6  stm32f10x_tim.o(.text)
    TIM_GetITStatus                          0x08001eaf   Thumb Code    34  stm32f10x_tim.o(.text)
    TIM_ClearITPendingBit                    0x08001ed1   Thumb Code     6  stm32f10x_tim.o(.text)
    USART_DeInit                             0x08001ed9   Thumb Code   134  stm32f10x_usart.o(.text)
    USART_Init                               0x08001f5f   Thumb Code   210  stm32f10x_usart.o(.text)
    USART_StructInit                         0x08002031   Thumb Code    24  stm32f10x_usart.o(.text)
    USART_ClockInit                          0x08002049   Thumb Code    34  stm32f10x_usart.o(.text)
    USART_ClockStructInit                    0x0800206b   Thumb Code    12  stm32f10x_usart.o(.text)
    USART_Cmd                                0x08002077   Thumb Code    24  stm32f10x_usart.o(.text)
    USART_ITConfig                           0x0800208f   Thumb Code    74  stm32f10x_usart.o(.text)
    USART_DMACmd                             0x080020d9   Thumb Code    18  stm32f10x_usart.o(.text)
    USART_SetAddress                         0x080020eb   Thumb Code    18  stm32f10x_usart.o(.text)
    USART_WakeUpConfig                       0x080020fd   Thumb Code    18  stm32f10x_usart.o(.text)
    USART_ReceiverWakeUpCmd                  0x0800210f   Thumb Code    24  stm32f10x_usart.o(.text)
    USART_LINBreakDetectLengthConfig         0x08002127   Thumb Code    18  stm32f10x_usart.o(.text)
    USART_LINCmd                             0x08002139   Thumb Code    24  stm32f10x_usart.o(.text)
    USART_SendData                           0x08002151   Thumb Code     8  stm32f10x_usart.o(.text)
    USART_ReceiveData                        0x08002159   Thumb Code    10  stm32f10x_usart.o(.text)
    USART_SendBreak                          0x08002163   Thumb Code    10  stm32f10x_usart.o(.text)
    USART_SetGuardTime                       0x0800216d   Thumb Code    16  stm32f10x_usart.o(.text)
    USART_SetPrescaler                       0x0800217d   Thumb Code    16  stm32f10x_usart.o(.text)
    USART_SmartCardCmd                       0x0800218d   Thumb Code    24  stm32f10x_usart.o(.text)
    USART_SmartCardNACKCmd                   0x080021a5   Thumb Code    24  stm32f10x_usart.o(.text)
    USART_HalfDuplexCmd                      0x080021bd   Thumb Code    24  stm32f10x_usart.o(.text)
    USART_OverSampling8Cmd                   0x080021d5   Thumb Code    22  stm32f10x_usart.o(.text)
    USART_OneBitMethodCmd                    0x080021eb   Thumb Code    24  stm32f10x_usart.o(.text)
    USART_IrDAConfig                         0x08002203   Thumb Code    18  stm32f10x_usart.o(.text)
    USART_IrDACmd                            0x08002215   Thumb Code    24  stm32f10x_usart.o(.text)
    USART_GetFlagStatus                      0x0800222d   Thumb Code    26  stm32f10x_usart.o(.text)
    USART_ClearFlag                          0x08002247   Thumb Code    18  stm32f10x_usart.o(.text)
    USART_GetITStatus                        0x08002259   Thumb Code    84  stm32f10x_usart.o(.text)
    USART_ClearITPendingBit                  0x080022ad   Thumb Code    52  stm32f10x_usart.o(.text)
    main                                     0x08002305   Thumb Code    78  main.o(.text)
    NMI_Handler                              0x08002361   Thumb Code     2  stm32f10x_it.o(.text)
    HardFault_Handler                        0x08002363   Thumb Code     4  stm32f10x_it.o(.text)
    MemManage_Handler                        0x08002367   Thumb Code     4  stm32f10x_it.o(.text)
    BusFault_Handler                         0x0800236b   Thumb Code     4  stm32f10x_it.o(.text)
    UsageFault_Handler                       0x0800236f   Thumb Code     4  stm32f10x_it.o(.text)
    SVC_Handler                              0x08002373   Thumb Code     2  stm32f10x_it.o(.text)
    DebugMon_Handler                         0x08002375   Thumb Code     2  stm32f10x_it.o(.text)
    PendSV_Handler                           0x08002377   Thumb Code     2  stm32f10x_it.o(.text)
    SysTick_Handler                          0x08002379   Thumb Code     2  stm32f10x_it.o(.text)
    SysTick_Init                             0x080023c9   Thumb Code    26  systick.o(.text)
    delay_us                                 0x080023e3   Thumb Code    36  systick.o(.text)
    TimingDelay_Decrement                    0x08002407   Thumb Code    18  systick.o(.text)
    SysTick_Delay_Us                         0x08002419   Thumb Code    64  systick.o(.text)
    SysTick_Delay_Ms                         0x08002459   Thumb Code    66  systick.o(.text)
    LED_GPIO_Config                          0x080024b5   Thumb Code    50  bsp_led.o(.text)
    USART_Config                             0x08002515   Thumb Code   136  bsp_usart.o(.text)
    Usart_Send_Data                          0x0800259d   Thumb Code    56  bsp_usart.o(.text)
    Usart_SendByte                           0x080025d5   Thumb Code    30  bsp_usart.o(.text)
    Usart_SendArray                          0x080025f3   Thumb Code    48  bsp_usart.o(.text)
    Usart_SendString                         0x08002623   Thumb Code    42  bsp_usart.o(.text)
    Usart_SendHalfWord                       0x0800264d   Thumb Code    60  bsp_usart.o(.text)
    fputc                                    0x08002689   Thumb Code    32  bsp_usart.o(.text)
    fgetc                                    0x080026a9   Thumb Code    26  bsp_usart.o(.text)
    queue_initiate                           0x080026cd   Thumb Code    16  ymodem.o(.text)
    queue_not_empty                          0x080026dd   Thumb Code    16  ymodem.o(.text)
    queue_append                             0x080026ed   Thumb Code    68  ymodem.o(.text)
    queue_delete                             0x08002731   Thumb Code    58  ymodem.o(.text)
    ymodem_ack                               0x0800276b   Thumb Code    16  ymodem.o(.text)
    ymodem_nack                              0x0800277b   Thumb Code    16  ymodem.o(.text)
    ymodem_c                                 0x0800278b   Thumb Code    16  ymodem.o(.text)
    ymodem_end                               0x0800279b   Thumb Code    16  ymodem.o(.text)
    timer_init                               0x080028bb   Thumb Code    90  ymodem.o(.text)
    ymodem_init                              0x08002915   Thumb Code    24  ymodem.o(.text)
    USART1_IRQHandler                        0x0800292d   Thumb Code    58  ymodem.o(.text)
    TIM3_IRQHandler                          0x08002967   Thumb Code   100  ymodem.o(.text)
    iap_load_app                             0x080029ed   Thumb Code    70  bootloader.o(.text)
    mcu_flash_erase                          0x08002a33   Thumb Code    46  bootloader.o(.text)
    mcu_flash_write                          0x08002a61   Thumb Code    72  bootloader.o(.text)
    mcu_flash_read                           0x08002aa9   Thumb Code    20  bootloader.o(.text)
    Key_GPIO_Config                          0x08002acd   Thumb Code    32  bsp_key.o(.text)
    Key_Scan                                 0x08002aed   Thumb Code    38  bsp_key.o(.text)
    __aeabi_memcpy                           0x08002b19   Thumb Code    36  memcpya.o(.text)
    __aeabi_memcpy4                          0x08002b19   Thumb Code     0  memcpya.o(.text)
    __aeabi_memcpy8                          0x08002b19   Thumb Code     0  memcpya.o(.text)
    __scatterload                            0x08002b3d   Thumb Code    28  init.o(.text)
    __scatterload_rt2                        0x08002b3d   Thumb Code     0  init.o(.text)
    __scatterload_copy                       0x08002b61   Thumb Code    14  handlers.o(i.__scatterload_copy)
    __scatterload_null                       0x08002b6f   Thumb Code     2  handlers.o(i.__scatterload_null)
    __scatterload_zeroinit                   0x08002b71   Thumb Code    14  handlers.o(i.__scatterload_zeroinit)
    Region$$Table$$Base                      0x08002b80   Number         0  anon$$obj.o(Region$$Table)
    Region$$Table$$Limit                     0x08002ba0   Number         0  anon$$obj.o(Region$$Table)
    SystemCoreClock                          0x20000000   Data           4  system_stm32f10x.o(.data)
    AHBPrescTable                            0x20000004   Data          16  system_stm32f10x.o(.data)
    jump2app                                 0x20000034   Data           4  bootloader.o(.data)
    rx_queue                                 0x20000038   Data        1212  ymodem.o(.bss)
    recvBuf                                  0x200004f4   Data        1202  ymodem.o(.bss)
    __initial_sp                             0x20000da8   Data           0  startup_stm32f10x_md.o(STACK)



==============================================================================

Memory Map of the image

  Image Entry point : 0x080000ed

  Load Region LR_IROM1 (Base: 0x08000000, Size: 0x00002bd8, Max: 0x00003000, ABSOLUTE)

    Execution Region ER_IROM1 (Exec base: 0x08000000, Load base: 0x08000000, Size: 0x00002ba0, Max: 0x00003000, ABSOLUTE)

    Exec Addr    Load Addr    Size         Type   Attr      Idx    E Section Name        Object

    0x08000000   0x08000000   0x000000ec   Data   RO            3    RESET               startup_stm32f10x_md.o
    0x080000ec   0x080000ec   0x00000000   Code   RO          551  * .ARM.Collect$$$$00000000  mc_w.l(entry.o)
    0x080000ec   0x080000ec   0x00000004   Code   RO          558    .ARM.Collect$$$$00000001  mc_w.l(entry2.o)
    0x080000f0   0x080000f0   0x00000004   Code   RO          561    .ARM.Collect$$$$00000004  mc_w.l(entry5.o)
    0x080000f4   0x080000f4   0x00000000   Code   RO          563    .ARM.Collect$$$$00000008  mc_w.l(entry7b.o)
    0x080000f4   0x080000f4   0x00000000   Code   RO          565    .ARM.Collect$$$$0000000A  mc_w.l(entry8b.o)
    0x080000f4   0x080000f4   0x00000008   Code   RO          566    .ARM.Collect$$$$0000000B  mc_w.l(entry9a.o)
    0x080000fc   0x080000fc   0x00000000   Code   RO          568    .ARM.Collect$$$$0000000D  mc_w.l(entry10a.o)
    0x080000fc   0x080000fc   0x00000000   Code   RO          570    .ARM.Collect$$$$0000000F  mc_w.l(entry11a.o)
    0x080000fc   0x080000fc   0x00000004   Code   RO          559    .ARM.Collect$$$$00002712  mc_w.l(entry2.o)
    0x08000100   0x08000100   0x00000020   Code   RO           10    .emb_text           core_cm3.o
    0x08000120   0x08000120   0x00000024   Code   RO            4    .text               startup_stm32f10x_md.o
    0x08000144   0x08000144   0x000001e0   Code   RO           24    .text               system_stm32f10x.o
    0x08000324   0x08000324   0x000000dc   Code   RO           70    .text               misc.o
    0x08000400   0x08000400   0x000005bc   Code   RO          221    .text               stm32f10x_flash.o
    0x080009bc   0x080009bc   0x0000035c   Code   RO          248    .text               stm32f10x_gpio.o
    0x08000d18   0x08000d18   0x000003a4   Code   RO          305    .text               stm32f10x_rcc.o
    0x080010bc   0x080010bc   0x00000e1a   Code   RO          364    .text               stm32f10x_tim.o
    0x08001ed6   0x08001ed6   0x00000002   PAD
    0x08001ed8   0x08001ed8   0x00000408   Code   RO          376    .text               stm32f10x_usart.o
    0x080022e0   0x080022e0   0x00000080   Code   RO          403    .text               main.o
    0x08002360   0x08002360   0x0000001a   Code   RO          441    .text               stm32f10x_it.o
    0x0800237a   0x0800237a   0x00000002   PAD
    0x0800237c   0x0800237c   0x00000138   Code   RO          456    .text               systick.o
    0x080024b4   0x080024b4   0x00000038   Code   RO          474    .text               bsp_led.o
    0x080024ec   0x080024ec   0x000001e0   Code   RO          486    .text               bsp_usart.o
    0x080026cc   0x080026cc   0x00000320   Code   RO          498    .text               ymodem.o
    0x080029ec   0x080029ec   0x000000e0   Code   RO          524    .text               bootloader.o
    0x08002acc   0x08002acc   0x0000004c   Code   RO          539    .text               bsp_key.o
    0x08002b18   0x08002b18   0x00000024   Code   RO          554    .text               mc_w.l(memcpya.o)
    0x08002b3c   0x08002b3c   0x00000024   Code   RO          572    .text               mc_w.l(init.o)
    0x08002b60   0x08002b60   0x0000000e   Code   RO          576    i.__scatterload_copy  mc_w.l(handlers.o)
    0x08002b6e   0x08002b6e   0x00000002   Code   RO          577    i.__scatterload_null  mc_w.l(handlers.o)
    0x08002b70   0x08002b70   0x0000000e   Code   RO          578    i.__scatterload_zeroinit  mc_w.l(handlers.o)
    0x08002b7e   0x08002b7e   0x00000002   PAD
    0x08002b80   0x08002b80   0x00000020   Data   RO          574    Region$$Table       anon$$obj.o


    Execution Region RW_IRAM1 (Exec base: 0x20000000, Load base: 0x08002ba0, Size: 0x00000da8, Max: 0x00005000, ABSOLUTE)

    Exec Addr    Load Addr    Size         Type   Attr      Idx    E Section Name        Object

    0x20000000   0x08002ba0   0x00000014   Data   RW           25    .data               system_stm32f10x.o
    0x20000014   0x08002bb4   0x00000014   Data   RW          306    .data               stm32f10x_rcc.o
    0x20000028   0x08002bc8   0x00000004   Data   RW          457    .data               systick.o
    0x2000002c   0x08002bcc   0x00000008   Data   RW          500    .data               ymodem.o
    0x20000034   0x08002bd4   0x00000004   Data   RW          525    .data               bootloader.o
    0x20000038        -       0x0000096e   Zero   RW          499    .bss                ymodem.o
    0x200009a6   0x08002bd8   0x00000002   PAD
    0x200009a8        -       0x00000400   Zero   RW            1    STACK               startup_stm32f10x_md.o


==============================================================================

Image component sizes


      Code (inc. data)   RO Data    RW Data    ZI Data      Debug   Object Name

       224         16          0          4          0       2297   bootloader.o
        76          6          0          0          0       1035   bsp_key.o
        56          6          0          0          0        486   bsp_led.o
       480         10          0          0          0       2854   bsp_usart.o
        32          0          0          0          0       5056   core_cm3.o
       128         14          0          0          0       2555   main.o
       220         22          0          0          0       1789   misc.o
        36          8        236          0       1024        852   startup_stm32f10x_md.o
      1468         34          0          0          0       8190   stm32f10x_flash.o
       860         38          0          0          0       5717   stm32f10x_gpio.o
        26          0          0          0          0       1198   stm32f10x_it.o
       932         36          0         20          0       8880   stm32f10x_rcc.o
      3610         88          0          0          0      22828   stm32f10x_tim.o
      1032         22          0          0          0       8444   stm32f10x_usart.o
       480         38          0         20          0     255099   system_stm32f10x.o
       312         26          0          4          0      17083   systick.o
       800         34          0          8       2414       4406   ymodem.o

    ----------------------------------------------------------------------
     10776        398        268         56       3440     348769   Object Totals
         0          0         32          0          0          0   (incl. Generated)
         4          0          0          0          2          0   (incl. Padding)

    ----------------------------------------------------------------------

      Code (inc. data)   RO Data    RW Data    ZI Data      Debug   Library Member Name

         0          0          0          0          0          0   entry.o
         0          0          0          0          0          0   entry10a.o
         0          0          0          0          0          0   entry11a.o
         8          4          0          0          0          0   entry2.o
         4          0          0          0          0          0   entry5.o
         0          0          0          0          0          0   entry7b.o
         0          0          0          0          0          0   entry8b.o
         8          4          0          0          0          0   entry9a.o
        30          0          0          0          0          0   handlers.o
        36          8          0          0          0         68   init.o
        36          0          0          0          0         68   memcpya.o

    ----------------------------------------------------------------------
       124         16          0          0          0        136   Library Totals
         2          0          0          0          0          0   (incl. Padding)

    ----------------------------------------------------------------------

      Code (inc. data)   RO Data    RW Data    ZI Data      Debug   Library Name

       122         16          0          0          0        136   mc_w.l

    ----------------------------------------------------------------------
       124         16          0          0          0        136   Library Totals

    ----------------------------------------------------------------------

==============================================================================


      Code (inc. data)   RO Data    RW Data    ZI Data      Debug   

     10900        414        268         56       3440     347705   Grand Totals
     10900        414        268         56       3440     347705   ELF Image Totals
     10900        414        268         56          0          0   ROM Totals

==============================================================================

    Total RO  Size (Code + RO Data)                11168 (  10.91kB)
    Total RW  Size (RW Data + ZI Data)              3496 (   3.41kB)
    Total ROM Size (Code + RO Data + RW Data)      11224 (  10.96kB)

==============================================================================

