Component: ARM Compiler 5.06 update 6 (build 750) Tool: armlink [4d35ed]

==============================================================================

Section Cross References

    startup_stm32f10x_md.o(RESET) refers to startup_stm32f10x_md.o(STACK) for __initial_sp
    startup_stm32f10x_md.o(RESET) refers to startup_stm32f10x_md.o(.text) for Reset_Handler
    startup_stm32f10x_md.o(RESET) refers to stm32f10x_it.o(.text) for NMI_Handler
    startup_stm32f10x_md.o(.text) refers to system_stm32f10x.o(.text) for SystemInit
    startup_stm32f10x_md.o(.text) refers to entry.o(.ARM.Collect$$$$00000000) for __main
    system_stm32f10x.o(.text) refers to system_stm32f10x.o(.data) for SystemCoreClock
    stm32f10x_adc.o(.text) refers to stm32f10x_rcc.o(.text) for RCC_APB2PeriphResetCmd
    stm32f10x_bkp.o(.text) refers to stm32f10x_rcc.o(.text) for RCC_BackupResetCmd
    stm32f10x_can.o(.text) refers to stm32f10x_rcc.o(.text) for RCC_APB1PeriphResetCmd
    stm32f10x_cec.o(.text) refers to stm32f10x_rcc.o(.text) for RCC_APB1PeriphResetCmd
    stm32f10x_dac.o(.text) refers to stm32f10x_rcc.o(.text) for RCC_APB1PeriphResetCmd
    stm32f10x_gpio.o(.text) refers to stm32f10x_rcc.o(.text) for RCC_APB2PeriphResetCmd
    stm32f10x_i2c.o(.text) refers to stm32f10x_rcc.o(.text) for RCC_APB1PeriphResetCmd
    stm32f10x_pwr.o(.text) refers to stm32f10x_rcc.o(.text) for RCC_APB1PeriphResetCmd
    stm32f10x_rcc.o(.text) refers to stm32f10x_rcc.o(.data) for APBAHBPrescTable
    stm32f10x_spi.o(.text) refers to stm32f10x_rcc.o(.text) for RCC_APB2PeriphResetCmd
    stm32f10x_tim.o(.text) refers to stm32f10x_rcc.o(.text) for RCC_APB2PeriphResetCmd
    stm32f10x_usart.o(.text) refers to stm32f10x_rcc.o(.text) for RCC_APB2PeriphResetCmd
    stm32f10x_wwdg.o(.text) refers to stm32f10x_rcc.o(.text) for RCC_APB1PeriphResetCmd
    main.o(.text) refers to misc.o(.text) for NVIC_SetVectorTable
    main.o(.text) refers to bsp_led.o(.text) for LED_GPIO_Config
    main.o(.text) refers to stm32f10x_gpio.o(.text) for GPIO_ResetBits
    main.o(.text) refers to systick.o(.text) for SysTick_Delay_Ms
    systick.o(.text) refers to system_stm32f10x.o(.data) for SystemCoreClock
    systick.o(.text) refers to systick.o(.data) for TimingDelay
    bsp_led.o(.text) refers to stm32f10x_rcc.o(.text) for RCC_APB2PeriphClockCmd
    bsp_led.o(.text) refers to stm32f10x_gpio.o(.text) for GPIO_Init
    entry.o(.ARM.Collect$$$$00000000) refers (Special) to entry10a.o(.ARM.Collect$$$$0000000D) for __rt_final_cpp
    entry.o(.ARM.Collect$$$$00000000) refers (Special) to entry11a.o(.ARM.Collect$$$$0000000F) for __rt_final_exit
    entry.o(.ARM.Collect$$$$00000000) refers (Special) to entry7b.o(.ARM.Collect$$$$00000008) for _main_clock
    entry.o(.ARM.Collect$$$$00000000) refers (Special) to entry8b.o(.ARM.Collect$$$$0000000A) for _main_cpp_init
    entry.o(.ARM.Collect$$$$00000000) refers (Special) to entry9a.o(.ARM.Collect$$$$0000000B) for _main_init
    entry.o(.ARM.Collect$$$$00000000) refers (Special) to entry5.o(.ARM.Collect$$$$00000004) for _main_scatterload
    entry.o(.ARM.Collect$$$$00000000) refers (Special) to entry2.o(.ARM.Collect$$$$00000001) for _main_stk
    entry2.o(.ARM.Collect$$$$00000001) refers to entry2.o(.ARM.Collect$$$$00002712) for __lit__00000000
    entry2.o(.ARM.Collect$$$$00002712) refers to startup_stm32f10x_md.o(STACK) for __initial_sp
    entry2.o(__vectab_stack_and_reset_area) refers to startup_stm32f10x_md.o(STACK) for __initial_sp
    entry2.o(__vectab_stack_and_reset_area) refers to entry.o(.ARM.Collect$$$$00000000) for __main
    entry5.o(.ARM.Collect$$$$00000004) refers to init.o(.text) for __scatterload
    entry9a.o(.ARM.Collect$$$$0000000B) refers to main.o(.text) for main
    entry9b.o(.ARM.Collect$$$$0000000C) refers to main.o(.text) for main
    init.o(.text) refers to entry5.o(.ARM.Collect$$$$00000004) for __main_after_scatterload


==============================================================================

Removing Unused input sections from the image.

    Removing startup_stm32f10x_md.o(HEAP), (512 bytes).
    Removing core_cm3.o(.emb_text), (32 bytes).
    Removing stm32f10x_adc.o(.text), (1102 bytes).
    Removing stm32f10x_bkp.o(.text), (196 bytes).
    Removing stm32f10x_can.o(.text), (2544 bytes).
    Removing stm32f10x_cec.o(.text), (288 bytes).
    Removing stm32f10x_crc.o(.text), (72 bytes).
    Removing stm32f10x_dac.o(.text), (396 bytes).
    Removing stm32f10x_dbgmcu.o(.text), (48 bytes).
    Removing stm32f10x_dma.o(.text), (596 bytes).
    Removing stm32f10x_exti.o(.text), (284 bytes).
    Removing stm32f10x_flash.o(.text), (1468 bytes).
    Removing stm32f10x_fsmc.o(.text), (1548 bytes).
    Removing stm32f10x_i2c.o(.text), (1028 bytes).
    Removing stm32f10x_iwdg.o(.text), (64 bytes).
    Removing stm32f10x_pwr.o(.text), (204 bytes).
    Removing stm32f10x_rtc.o(.text), (328 bytes).
    Removing stm32f10x_sdio.o(.text), (468 bytes).
    Removing stm32f10x_spi.o(.text), (780 bytes).
    Removing stm32f10x_tim.o(.text), (3610 bytes).
    Removing stm32f10x_usart.o(.text), (1032 bytes).
    Removing stm32f10x_wwdg.o(.text), (136 bytes).

22 unused section(s) (total 16736 bytes) removed from the image.

==============================================================================

Image Symbol Table

    Local Symbols

    Symbol Name                              Value     Ov Type        Size  Object(Section)

    ../clib/microlib/init/entry.s            0x00000000   Number         0  entry7a.o ABSOLUTE
    ../clib/microlib/init/entry.s            0x00000000   Number         0  entry9a.o ABSOLUTE
    ../clib/microlib/init/entry.s            0x00000000   Number         0  entry8b.o ABSOLUTE
    ../clib/microlib/init/entry.s            0x00000000   Number         0  entry8a.o ABSOLUTE
    ../clib/microlib/init/entry.s            0x00000000   Number         0  entry5.o ABSOLUTE
    ../clib/microlib/init/entry.s            0x00000000   Number         0  entry9b.o ABSOLUTE
    ../clib/microlib/init/entry.s            0x00000000   Number         0  entry2.o ABSOLUTE
    ../clib/microlib/init/entry.s            0x00000000   Number         0  entry7b.o ABSOLUTE
    ../clib/microlib/init/entry.s            0x00000000   Number         0  entry.o ABSOLUTE
    ../clib/microlib/init/entry.s            0x00000000   Number         0  entry10a.o ABSOLUTE
    ../clib/microlib/init/entry.s            0x00000000   Number         0  entry10b.o ABSOLUTE
    ../clib/microlib/init/entry.s            0x00000000   Number         0  entry11a.o ABSOLUTE
    ../clib/microlib/init/entry.s            0x00000000   Number         0  entry11b.o ABSOLUTE
    ..\..\HARDWARE\bsp_led.c                 0x00000000   Number         0  bsp_led.o ABSOLUTE
    ..\..\Libraries\CMSIS\core_cm3.c         0x00000000   Number         0  core_cm3.o ABSOLUTE
    ..\..\Libraries\CMSIS\startup\startup_stm32f10x_md.s 0x00000000   Number         0  startup_stm32f10x_md.o ABSOLUTE
    ..\..\Libraries\CMSIS\system_stm32f10x.c 0x00000000   Number         0  system_stm32f10x.o ABSOLUTE
    ..\..\Libraries\FWlib\src\misc.c         0x00000000   Number         0  misc.o ABSOLUTE
    ..\..\Libraries\FWlib\src\stm32f10x_adc.c 0x00000000   Number         0  stm32f10x_adc.o ABSOLUTE
    ..\..\Libraries\FWlib\src\stm32f10x_bkp.c 0x00000000   Number         0  stm32f10x_bkp.o ABSOLUTE
    ..\..\Libraries\FWlib\src\stm32f10x_can.c 0x00000000   Number         0  stm32f10x_can.o ABSOLUTE
    ..\..\Libraries\FWlib\src\stm32f10x_cec.c 0x00000000   Number         0  stm32f10x_cec.o ABSOLUTE
    ..\..\Libraries\FWlib\src\stm32f10x_crc.c 0x00000000   Number         0  stm32f10x_crc.o ABSOLUTE
    ..\..\Libraries\FWlib\src\stm32f10x_dac.c 0x00000000   Number         0  stm32f10x_dac.o ABSOLUTE
    ..\..\Libraries\FWlib\src\stm32f10x_dbgmcu.c 0x00000000   Number         0  stm32f10x_dbgmcu.o ABSOLUTE
    ..\..\Libraries\FWlib\src\stm32f10x_dma.c 0x00000000   Number         0  stm32f10x_dma.o ABSOLUTE
    ..\..\Libraries\FWlib\src\stm32f10x_exti.c 0x00000000   Number         0  stm32f10x_exti.o ABSOLUTE
    ..\..\Libraries\FWlib\src\stm32f10x_flash.c 0x00000000   Number         0  stm32f10x_flash.o ABSOLUTE
    ..\..\Libraries\FWlib\src\stm32f10x_fsmc.c 0x00000000   Number         0  stm32f10x_fsmc.o ABSOLUTE
    ..\..\Libraries\FWlib\src\stm32f10x_gpio.c 0x00000000   Number         0  stm32f10x_gpio.o ABSOLUTE
    ..\..\Libraries\FWlib\src\stm32f10x_i2c.c 0x00000000   Number         0  stm32f10x_i2c.o ABSOLUTE
    ..\..\Libraries\FWlib\src\stm32f10x_iwdg.c 0x00000000   Number         0  stm32f10x_iwdg.o ABSOLUTE
    ..\..\Libraries\FWlib\src\stm32f10x_pwr.c 0x00000000   Number         0  stm32f10x_pwr.o ABSOLUTE
    ..\..\Libraries\FWlib\src\stm32f10x_rcc.c 0x00000000   Number         0  stm32f10x_rcc.o ABSOLUTE
    ..\..\Libraries\FWlib\src\stm32f10x_rtc.c 0x00000000   Number         0  stm32f10x_rtc.o ABSOLUTE
    ..\..\Libraries\FWlib\src\stm32f10x_sdio.c 0x00000000   Number         0  stm32f10x_sdio.o ABSOLUTE
    ..\..\Libraries\FWlib\src\stm32f10x_spi.c 0x00000000   Number         0  stm32f10x_spi.o ABSOLUTE
    ..\..\Libraries\FWlib\src\stm32f10x_tim.c 0x00000000   Number         0  stm32f10x_tim.o ABSOLUTE
    ..\..\Libraries\FWlib\src\stm32f10x_usart.c 0x00000000   Number         0  stm32f10x_usart.o ABSOLUTE
    ..\..\Libraries\FWlib\src\stm32f10x_wwdg.c 0x00000000   Number         0  stm32f10x_wwdg.o ABSOLUTE
    ..\..\User\SysTick.c                     0x00000000   Number         0  systick.o ABSOLUTE
    ..\..\User\main.c                        0x00000000   Number         0  main.o ABSOLUTE
    ..\..\User\stm32f10x_it.c                0x00000000   Number         0  stm32f10x_it.o ABSOLUTE
    ..\\..\\Libraries\\CMSIS\\core_cm3.c     0x00000000   Number         0  core_cm3.o ABSOLUTE
    dc.s                                     0x00000000   Number         0  dc.o ABSOLUTE
    handlers.s                               0x00000000   Number         0  handlers.o ABSOLUTE
    init.s                                   0x00000000   Number         0  init.o ABSOLUTE
    RESET                                    0x08003000   Section      236  startup_stm32f10x_md.o(RESET)
    .ARM.Collect$$$$00000000                 0x080030ec   Section        0  entry.o(.ARM.Collect$$$$00000000)
    .ARM.Collect$$$$00000001                 0x080030ec   Section        4  entry2.o(.ARM.Collect$$$$00000001)
    .ARM.Collect$$$$00000004                 0x080030f0   Section        4  entry5.o(.ARM.Collect$$$$00000004)
    .ARM.Collect$$$$00000008                 0x080030f4   Section        0  entry7b.o(.ARM.Collect$$$$00000008)
    .ARM.Collect$$$$0000000A                 0x080030f4   Section        0  entry8b.o(.ARM.Collect$$$$0000000A)
    .ARM.Collect$$$$0000000B                 0x080030f4   Section        8  entry9a.o(.ARM.Collect$$$$0000000B)
    .ARM.Collect$$$$0000000D                 0x080030fc   Section        0  entry10a.o(.ARM.Collect$$$$0000000D)
    .ARM.Collect$$$$0000000F                 0x080030fc   Section        0  entry11a.o(.ARM.Collect$$$$0000000F)
    .ARM.Collect$$$$00002712                 0x080030fc   Section        4  entry2.o(.ARM.Collect$$$$00002712)
    __lit__00000000                          0x080030fc   Data           4  entry2.o(.ARM.Collect$$$$00002712)
    .text                                    0x08003100   Section       36  startup_stm32f10x_md.o(.text)
    .text                                    0x08003124   Section        0  system_stm32f10x.o(.text)
    SetSysClockTo72                          0x08003125   Thumb Code   214  system_stm32f10x.o(.text)
    SetSysClock                              0x080031fb   Thumb Code     8  system_stm32f10x.o(.text)
    .text                                    0x08003304   Section        0  misc.o(.text)
    .text                                    0x080033e0   Section        0  stm32f10x_gpio.o(.text)
    .text                                    0x0800373c   Section        0  stm32f10x_rcc.o(.text)
    .text                                    0x08003ae0   Section        0  main.o(.text)
    .text                                    0x08003b1c   Section        0  stm32f10x_it.o(.text)
    .text                                    0x08003b38   Section        0  systick.o(.text)
    SysTick_Config                           0x08003b39   Thumb Code    76  systick.o(.text)
    .text                                    0x08003c70   Section        0  bsp_led.o(.text)
    .text                                    0x08003ca8   Section       36  init.o(.text)
    i.__scatterload_copy                     0x08003ccc   Section       14  handlers.o(i.__scatterload_copy)
    i.__scatterload_null                     0x08003cda   Section        2  handlers.o(i.__scatterload_null)
    i.__scatterload_zeroinit                 0x08003cdc   Section       14  handlers.o(i.__scatterload_zeroinit)
    .data                                    0x20000000   Section       20  system_stm32f10x.o(.data)
    .data                                    0x20000014   Section       20  stm32f10x_rcc.o(.data)
    APBAHBPrescTable                         0x20000014   Data          16  stm32f10x_rcc.o(.data)
    ADCPrescTable                            0x20000024   Data           4  stm32f10x_rcc.o(.data)
    .data                                    0x20000028   Section        4  systick.o(.data)
    TimingDelay                              0x20000028   Data           4  systick.o(.data)
    STACK                                    0x20000030   Section     1024  startup_stm32f10x_md.o(STACK)

    Global Symbols

    Symbol Name                              Value     Ov Type        Size  Object(Section)

    BuildAttributes$$THM_ISAv4$P$D$K$B$S$PE$A:L22UL41UL21$X:L11$S22US41US21$IEEE1$IW$USESV6$~STKCKD$USESV7$~SHL$OSPACE$EBA8$MICROLIB$REQ8$PRES8$EABIv2 0x00000000   Number         0  anon$$obj.o ABSOLUTE
    __ARM_use_no_argv                        0x00000000   Number         0  main.o ABSOLUTE
    __cpp_initialize__aeabi_                  - Undefined Weak Reference
    __cxa_finalize                            - Undefined Weak Reference
    __decompress                              - Undefined Weak Reference
    _clock_init                               - Undefined Weak Reference
    _microlib_exit                            - Undefined Weak Reference
    __Vectors_Size                           0x000000ec   Number         0  startup_stm32f10x_md.o ABSOLUTE
    __Vectors                                0x08003000   Data           4  startup_stm32f10x_md.o(RESET)
    __Vectors_End                            0x080030ec   Data           0  startup_stm32f10x_md.o(RESET)
    __main                                   0x080030ed   Thumb Code     0  entry.o(.ARM.Collect$$$$00000000)
    _main_stk                                0x080030ed   Thumb Code     0  entry2.o(.ARM.Collect$$$$00000001)
    _main_scatterload                        0x080030f1   Thumb Code     0  entry5.o(.ARM.Collect$$$$00000004)
    __main_after_scatterload                 0x080030f5   Thumb Code     0  entry5.o(.ARM.Collect$$$$00000004)
    _main_clock                              0x080030f5   Thumb Code     0  entry7b.o(.ARM.Collect$$$$00000008)
    _main_cpp_init                           0x080030f5   Thumb Code     0  entry8b.o(.ARM.Collect$$$$0000000A)
    _main_init                               0x080030f5   Thumb Code     0  entry9a.o(.ARM.Collect$$$$0000000B)
    __rt_final_cpp                           0x080030fd   Thumb Code     0  entry10a.o(.ARM.Collect$$$$0000000D)
    __rt_final_exit                          0x080030fd   Thumb Code     0  entry11a.o(.ARM.Collect$$$$0000000F)
    Reset_Handler                            0x08003101   Thumb Code     8  startup_stm32f10x_md.o(.text)
    ADC1_2_IRQHandler                        0x0800311b   Thumb Code     0  startup_stm32f10x_md.o(.text)
    CAN1_RX1_IRQHandler                      0x0800311b   Thumb Code     0  startup_stm32f10x_md.o(.text)
    CAN1_SCE_IRQHandler                      0x0800311b   Thumb Code     0  startup_stm32f10x_md.o(.text)
    DMA1_Channel1_IRQHandler                 0x0800311b   Thumb Code     0  startup_stm32f10x_md.o(.text)
    DMA1_Channel2_IRQHandler                 0x0800311b   Thumb Code     0  startup_stm32f10x_md.o(.text)
    DMA1_Channel3_IRQHandler                 0x0800311b   Thumb Code     0  startup_stm32f10x_md.o(.text)
    DMA1_Channel4_IRQHandler                 0x0800311b   Thumb Code     0  startup_stm32f10x_md.o(.text)
    DMA1_Channel5_IRQHandler                 0x0800311b   Thumb Code     0  startup_stm32f10x_md.o(.text)
    DMA1_Channel6_IRQHandler                 0x0800311b   Thumb Code     0  startup_stm32f10x_md.o(.text)
    DMA1_Channel7_IRQHandler                 0x0800311b   Thumb Code     0  startup_stm32f10x_md.o(.text)
    EXTI0_IRQHandler                         0x0800311b   Thumb Code     0  startup_stm32f10x_md.o(.text)
    EXTI15_10_IRQHandler                     0x0800311b   Thumb Code     0  startup_stm32f10x_md.o(.text)
    EXTI1_IRQHandler                         0x0800311b   Thumb Code     0  startup_stm32f10x_md.o(.text)
    EXTI2_IRQHandler                         0x0800311b   Thumb Code     0  startup_stm32f10x_md.o(.text)
    EXTI3_IRQHandler                         0x0800311b   Thumb Code     0  startup_stm32f10x_md.o(.text)
    EXTI4_IRQHandler                         0x0800311b   Thumb Code     0  startup_stm32f10x_md.o(.text)
    EXTI9_5_IRQHandler                       0x0800311b   Thumb Code     0  startup_stm32f10x_md.o(.text)
    FLASH_IRQHandler                         0x0800311b   Thumb Code     0  startup_stm32f10x_md.o(.text)
    I2C1_ER_IRQHandler                       0x0800311b   Thumb Code     0  startup_stm32f10x_md.o(.text)
    I2C1_EV_IRQHandler                       0x0800311b   Thumb Code     0  startup_stm32f10x_md.o(.text)
    I2C2_ER_IRQHandler                       0x0800311b   Thumb Code     0  startup_stm32f10x_md.o(.text)
    I2C2_EV_IRQHandler                       0x0800311b   Thumb Code     0  startup_stm32f10x_md.o(.text)
    PVD_IRQHandler                           0x0800311b   Thumb Code     0  startup_stm32f10x_md.o(.text)
    RCC_IRQHandler                           0x0800311b   Thumb Code     0  startup_stm32f10x_md.o(.text)
    RTCAlarm_IRQHandler                      0x0800311b   Thumb Code     0  startup_stm32f10x_md.o(.text)
    RTC_IRQHandler                           0x0800311b   Thumb Code     0  startup_stm32f10x_md.o(.text)
    SPI1_IRQHandler                          0x0800311b   Thumb Code     0  startup_stm32f10x_md.o(.text)
    SPI2_IRQHandler                          0x0800311b   Thumb Code     0  startup_stm32f10x_md.o(.text)
    TAMPER_IRQHandler                        0x0800311b   Thumb Code     0  startup_stm32f10x_md.o(.text)
    TIM1_BRK_IRQHandler                      0x0800311b   Thumb Code     0  startup_stm32f10x_md.o(.text)
    TIM1_CC_IRQHandler                       0x0800311b   Thumb Code     0  startup_stm32f10x_md.o(.text)
    TIM1_TRG_COM_IRQHandler                  0x0800311b   Thumb Code     0  startup_stm32f10x_md.o(.text)
    TIM1_UP_IRQHandler                       0x0800311b   Thumb Code     0  startup_stm32f10x_md.o(.text)
    TIM2_IRQHandler                          0x0800311b   Thumb Code     0  startup_stm32f10x_md.o(.text)
    TIM3_IRQHandler                          0x0800311b   Thumb Code     0  startup_stm32f10x_md.o(.text)
    TIM4_IRQHandler                          0x0800311b   Thumb Code     0  startup_stm32f10x_md.o(.text)
    USART1_IRQHandler                        0x0800311b   Thumb Code     0  startup_stm32f10x_md.o(.text)
    USART2_IRQHandler                        0x0800311b   Thumb Code     0  startup_stm32f10x_md.o(.text)
    USART3_IRQHandler                        0x0800311b   Thumb Code     0  startup_stm32f10x_md.o(.text)
    USBWakeUp_IRQHandler                     0x0800311b   Thumb Code     0  startup_stm32f10x_md.o(.text)
    USB_HP_CAN1_TX_IRQHandler                0x0800311b   Thumb Code     0  startup_stm32f10x_md.o(.text)
    USB_LP_CAN1_RX0_IRQHandler               0x0800311b   Thumb Code     0  startup_stm32f10x_md.o(.text)
    WWDG_IRQHandler                          0x0800311b   Thumb Code     0  startup_stm32f10x_md.o(.text)
    SystemInit                               0x08003203   Thumb Code    78  system_stm32f10x.o(.text)
    SystemCoreClockUpdate                    0x08003251   Thumb Code   142  system_stm32f10x.o(.text)
    NVIC_PriorityGroupConfig                 0x08003305   Thumb Code    10  misc.o(.text)
    NVIC_Init                                0x0800330f   Thumb Code   100  misc.o(.text)
    NVIC_SetVectorTable                      0x08003373   Thumb Code    14  misc.o(.text)
    NVIC_SystemLPConfig                      0x08003381   Thumb Code    34  misc.o(.text)
    SysTick_CLKSourceConfig                  0x080033a3   Thumb Code    40  misc.o(.text)
    GPIO_DeInit                              0x080033e1   Thumb Code   172  stm32f10x_gpio.o(.text)
    GPIO_AFIODeInit                          0x0800348d   Thumb Code    20  stm32f10x_gpio.o(.text)
    GPIO_Init                                0x080034a1   Thumb Code   278  stm32f10x_gpio.o(.text)
    GPIO_StructInit                          0x080035b7   Thumb Code    16  stm32f10x_gpio.o(.text)
    GPIO_ReadInputDataBit                    0x080035c7   Thumb Code    18  stm32f10x_gpio.o(.text)
    GPIO_ReadInputData                       0x080035d9   Thumb Code     8  stm32f10x_gpio.o(.text)
    GPIO_ReadOutputDataBit                   0x080035e1   Thumb Code    18  stm32f10x_gpio.o(.text)
    GPIO_ReadOutputData                      0x080035f3   Thumb Code     8  stm32f10x_gpio.o(.text)
    GPIO_SetBits                             0x080035fb   Thumb Code     4  stm32f10x_gpio.o(.text)
    GPIO_ResetBits                           0x080035ff   Thumb Code     4  stm32f10x_gpio.o(.text)
    GPIO_WriteBit                            0x08003603   Thumb Code    10  stm32f10x_gpio.o(.text)
    GPIO_Write                               0x0800360d   Thumb Code     4  stm32f10x_gpio.o(.text)
    GPIO_PinLockConfig                       0x08003611   Thumb Code    18  stm32f10x_gpio.o(.text)
    GPIO_EventOutputConfig                   0x08003623   Thumb Code    26  stm32f10x_gpio.o(.text)
    GPIO_EventOutputCmd                      0x0800363d   Thumb Code     6  stm32f10x_gpio.o(.text)
    GPIO_PinRemapConfig                      0x08003643   Thumb Code   138  stm32f10x_gpio.o(.text)
    GPIO_EXTILineConfig                      0x080036cd   Thumb Code    66  stm32f10x_gpio.o(.text)
    GPIO_ETH_MediaInterfaceConfig            0x0800370f   Thumb Code     8  stm32f10x_gpio.o(.text)
    RCC_DeInit                               0x0800373d   Thumb Code    64  stm32f10x_rcc.o(.text)
    RCC_HSEConfig                            0x0800377d   Thumb Code    70  stm32f10x_rcc.o(.text)
    RCC_GetFlagStatus                        0x080037c3   Thumb Code    56  stm32f10x_rcc.o(.text)
    RCC_WaitForHSEStartUp                    0x080037fb   Thumb Code    56  stm32f10x_rcc.o(.text)
    RCC_AdjustHSICalibrationValue            0x08003833   Thumb Code    20  stm32f10x_rcc.o(.text)
    RCC_HSICmd                               0x08003847   Thumb Code     6  stm32f10x_rcc.o(.text)
    RCC_PLLConfig                            0x0800384d   Thumb Code    24  stm32f10x_rcc.o(.text)
    RCC_PLLCmd                               0x08003865   Thumb Code     6  stm32f10x_rcc.o(.text)
    RCC_SYSCLKConfig                         0x0800386b   Thumb Code    18  stm32f10x_rcc.o(.text)
    RCC_GetSYSCLKSource                      0x0800387d   Thumb Code    10  stm32f10x_rcc.o(.text)
    RCC_HCLKConfig                           0x08003887   Thumb Code    18  stm32f10x_rcc.o(.text)
    RCC_PCLK1Config                          0x08003899   Thumb Code    18  stm32f10x_rcc.o(.text)
    RCC_PCLK2Config                          0x080038ab   Thumb Code    20  stm32f10x_rcc.o(.text)
    RCC_ITConfig                             0x080038bf   Thumb Code    26  stm32f10x_rcc.o(.text)
    RCC_USBCLKConfig                         0x080038d9   Thumb Code     8  stm32f10x_rcc.o(.text)
    RCC_ADCCLKConfig                         0x080038e1   Thumb Code    18  stm32f10x_rcc.o(.text)
    RCC_LSEConfig                            0x080038f3   Thumb Code    50  stm32f10x_rcc.o(.text)
    RCC_LSICmd                               0x08003925   Thumb Code     6  stm32f10x_rcc.o(.text)
    RCC_RTCCLKConfig                         0x0800392b   Thumb Code    12  stm32f10x_rcc.o(.text)
    RCC_RTCCLKCmd                            0x08003937   Thumb Code     8  stm32f10x_rcc.o(.text)
    RCC_GetClocksFreq                        0x0800393f   Thumb Code   192  stm32f10x_rcc.o(.text)
    RCC_AHBPeriphClockCmd                    0x080039ff   Thumb Code    26  stm32f10x_rcc.o(.text)
    RCC_APB2PeriphClockCmd                   0x08003a19   Thumb Code    26  stm32f10x_rcc.o(.text)
    RCC_APB1PeriphClockCmd                   0x08003a33   Thumb Code    26  stm32f10x_rcc.o(.text)
    RCC_APB2PeriphResetCmd                   0x08003a4d   Thumb Code    26  stm32f10x_rcc.o(.text)
    RCC_APB1PeriphResetCmd                   0x08003a67   Thumb Code    26  stm32f10x_rcc.o(.text)
    RCC_BackupResetCmd                       0x08003a81   Thumb Code     8  stm32f10x_rcc.o(.text)
    RCC_ClockSecuritySystemCmd               0x08003a89   Thumb Code     6  stm32f10x_rcc.o(.text)
    RCC_MCOConfig                            0x08003a8f   Thumb Code     6  stm32f10x_rcc.o(.text)
    RCC_ClearFlag                            0x08003a95   Thumb Code    14  stm32f10x_rcc.o(.text)
    RCC_GetITStatus                          0x08003aa3   Thumb Code    20  stm32f10x_rcc.o(.text)
    RCC_ClearITPendingBit                    0x08003ab7   Thumb Code     6  stm32f10x_rcc.o(.text)
    main                                     0x08003ae1   Thumb Code    56  main.o(.text)
    NMI_Handler                              0x08003b1d   Thumb Code     2  stm32f10x_it.o(.text)
    HardFault_Handler                        0x08003b1f   Thumb Code     4  stm32f10x_it.o(.text)
    MemManage_Handler                        0x08003b23   Thumb Code     4  stm32f10x_it.o(.text)
    BusFault_Handler                         0x08003b27   Thumb Code     4  stm32f10x_it.o(.text)
    UsageFault_Handler                       0x08003b2b   Thumb Code     4  stm32f10x_it.o(.text)
    SVC_Handler                              0x08003b2f   Thumb Code     2  stm32f10x_it.o(.text)
    DebugMon_Handler                         0x08003b31   Thumb Code     2  stm32f10x_it.o(.text)
    PendSV_Handler                           0x08003b33   Thumb Code     2  stm32f10x_it.o(.text)
    SysTick_Handler                          0x08003b35   Thumb Code     2  stm32f10x_it.o(.text)
    SysTick_Init                             0x08003b85   Thumb Code    26  systick.o(.text)
    delay_us                                 0x08003b9f   Thumb Code    36  systick.o(.text)
    TimingDelay_Decrement                    0x08003bc3   Thumb Code    18  systick.o(.text)
    SysTick_Delay_Us                         0x08003bd5   Thumb Code    64  systick.o(.text)
    SysTick_Delay_Ms                         0x08003c15   Thumb Code    66  systick.o(.text)
    LED_GPIO_Config                          0x08003c71   Thumb Code    50  bsp_led.o(.text)
    __scatterload                            0x08003ca9   Thumb Code    28  init.o(.text)
    __scatterload_rt2                        0x08003ca9   Thumb Code     0  init.o(.text)
    __scatterload_copy                       0x08003ccd   Thumb Code    14  handlers.o(i.__scatterload_copy)
    __scatterload_null                       0x08003cdb   Thumb Code     2  handlers.o(i.__scatterload_null)
    __scatterload_zeroinit                   0x08003cdd   Thumb Code    14  handlers.o(i.__scatterload_zeroinit)
    Region$$Table$$Base                      0x08003cec   Number         0  anon$$obj.o(Region$$Table)
    Region$$Table$$Limit                     0x08003d0c   Number         0  anon$$obj.o(Region$$Table)
    SystemCoreClock                          0x20000000   Data           4  system_stm32f10x.o(.data)
    AHBPrescTable                            0x20000004   Data          16  system_stm32f10x.o(.data)
    __initial_sp                             0x20000430   Data           0  startup_stm32f10x_md.o(STACK)



==============================================================================

Memory Map of the image

  Image Entry point : 0x080030ed

  Load Region LR_IROM1 (Base: 0x08003000, Size: 0x00000d38, Max: 0x0000d000, ABSOLUTE)

    Execution Region ER_IROM1 (Exec base: 0x08003000, Load base: 0x08003000, Size: 0x00000d0c, Max: 0x0000d000, ABSOLUTE)

    Exec Addr    Load Addr    Size         Type   Attr      Idx    E Section Name        Object

    0x08003000   0x08003000   0x000000ec   Data   RO            3    RESET               startup_stm32f10x_md.o
    0x080030ec   0x080030ec   0x00000000   Code   RO          466  * .ARM.Collect$$$$00000000  mc_w.l(entry.o)
    0x080030ec   0x080030ec   0x00000004   Code   RO          469    .ARM.Collect$$$$00000001  mc_w.l(entry2.o)
    0x080030f0   0x080030f0   0x00000004   Code   RO          472    .ARM.Collect$$$$00000004  mc_w.l(entry5.o)
    0x080030f4   0x080030f4   0x00000000   Code   RO          474    .ARM.Collect$$$$00000008  mc_w.l(entry7b.o)
    0x080030f4   0x080030f4   0x00000000   Code   RO          476    .ARM.Collect$$$$0000000A  mc_w.l(entry8b.o)
    0x080030f4   0x080030f4   0x00000008   Code   RO          477    .ARM.Collect$$$$0000000B  mc_w.l(entry9a.o)
    0x080030fc   0x080030fc   0x00000000   Code   RO          479    .ARM.Collect$$$$0000000D  mc_w.l(entry10a.o)
    0x080030fc   0x080030fc   0x00000000   Code   RO          481    .ARM.Collect$$$$0000000F  mc_w.l(entry11a.o)
    0x080030fc   0x080030fc   0x00000004   Code   RO          470    .ARM.Collect$$$$00002712  mc_w.l(entry2.o)
    0x08003100   0x08003100   0x00000024   Code   RO            4    .text               startup_stm32f10x_md.o
    0x08003124   0x08003124   0x000001e0   Code   RO           24    .text               system_stm32f10x.o
    0x08003304   0x08003304   0x000000dc   Code   RO           70    .text               misc.o
    0x080033e0   0x080033e0   0x0000035c   Code   RO          248    .text               stm32f10x_gpio.o
    0x0800373c   0x0800373c   0x000003a4   Code   RO          305    .text               stm32f10x_rcc.o
    0x08003ae0   0x08003ae0   0x0000003c   Code   RO          403    .text               main.o
    0x08003b1c   0x08003b1c   0x0000001a   Code   RO          421    .text               stm32f10x_it.o
    0x08003b36   0x08003b36   0x00000002   PAD
    0x08003b38   0x08003b38   0x00000138   Code   RO          436    .text               systick.o
    0x08003c70   0x08003c70   0x00000038   Code   RO          454    .text               bsp_led.o
    0x08003ca8   0x08003ca8   0x00000024   Code   RO          483    .text               mc_w.l(init.o)
    0x08003ccc   0x08003ccc   0x0000000e   Code   RO          487    i.__scatterload_copy  mc_w.l(handlers.o)
    0x08003cda   0x08003cda   0x00000002   Code   RO          488    i.__scatterload_null  mc_w.l(handlers.o)
    0x08003cdc   0x08003cdc   0x0000000e   Code   RO          489    i.__scatterload_zeroinit  mc_w.l(handlers.o)
    0x08003cea   0x08003cea   0x00000002   PAD
    0x08003cec   0x08003cec   0x00000020   Data   RO          485    Region$$Table       anon$$obj.o


    Execution Region RW_IRAM1 (Exec base: 0x20000000, Load base: 0x08003d0c, Size: 0x00000430, Max: 0x00005000, ABSOLUTE)

    Exec Addr    Load Addr    Size         Type   Attr      Idx    E Section Name        Object

    0x20000000   0x08003d0c   0x00000014   Data   RW           25    .data               system_stm32f10x.o
    0x20000014   0x08003d20   0x00000014   Data   RW          306    .data               stm32f10x_rcc.o
    0x20000028   0x08003d34   0x00000004   Data   RW          437    .data               systick.o
    0x2000002c   0x08003d38   0x00000004   PAD
    0x20000030        -       0x00000400   Zero   RW            1    STACK               startup_stm32f10x_md.o


==============================================================================

Image component sizes


      Code (inc. data)   RO Data    RW Data    ZI Data      Debug   Object Name

        56          6          0          0          0        486   bsp_led.o
         0          0          0          0          0       4508   core_cm3.o
        60          4          0          0          0        435   main.o
       220         22          0          0          0       1785   misc.o
        36          8        236          0       1024        852   startup_stm32f10x_md.o
       860         38          0          0          0       5713   stm32f10x_gpio.o
        26          0          0          0          0       1198   stm32f10x_it.o
       932         36          0         20          0       8880   stm32f10x_rcc.o
       480         38          0         20          0     222335   system_stm32f10x.o
       312         26          0          4          0      17087   systick.o

    ----------------------------------------------------------------------
      2984        178        268         44       1028     263279   Object Totals
         0          0         32          0          0          0   (incl. Generated)
         2          0          0          0          4          0   (incl. Padding)

    ----------------------------------------------------------------------

      Code (inc. data)   RO Data    RW Data    ZI Data      Debug   Library Member Name

         0          0          0          0          0          0   entry.o
         0          0          0          0          0          0   entry10a.o
         0          0          0          0          0          0   entry11a.o
         8          4          0          0          0          0   entry2.o
         4          0          0          0          0          0   entry5.o
         0          0          0          0          0          0   entry7b.o
         0          0          0          0          0          0   entry8b.o
         8          4          0          0          0          0   entry9a.o
        30          0          0          0          0          0   handlers.o
        36          8          0          0          0         68   init.o

    ----------------------------------------------------------------------
        88         16          0          0          0         68   Library Totals
         2          0          0          0          0          0   (incl. Padding)

    ----------------------------------------------------------------------

      Code (inc. data)   RO Data    RW Data    ZI Data      Debug   Library Name

        86         16          0          0          0         68   mc_w.l

    ----------------------------------------------------------------------
        88         16          0          0          0         68   Library Totals

    ----------------------------------------------------------------------

==============================================================================


      Code (inc. data)   RO Data    RW Data    ZI Data      Debug   

      3072        194        268         44       1028     262979   Grand Totals
      3072        194        268         44       1028     262979   ELF Image Totals
      3072        194        268         44          0          0   ROM Totals

==============================================================================

    Total RO  Size (Code + RO Data)                 3340 (   3.26kB)
    Total RW  Size (RW Data + ZI Data)              1072 (   1.05kB)
    Total ROM Size (Code + RO Data + RW Data)       3384 (   3.30kB)

==============================================================================

